[     163ms] [VERBOSE] [DOM] Input elements should have autocomplete attributes (suggested: "current-password"): (More info: https://goo.gl/9p2vKq) %o @ http://localhost:3000/en-US/login:0
[     241ms] [INFO] %cDownload the React DevTools for a better development experience: https://react.dev/link/react-devtools font-weight:bold @ http://localhost:3000/_next/static/chunks/509c2_next_dist_512df543._.js:2297
[     359ms] [LOG] [HMR] connected @ http://localhost:3000/_next/static/chunks/509c2_next_dist_512df543._.js:2297
[ 1023148ms] [LOG] [Fast Refresh] rebuilding @ http://localhost:3000/_next/static/chunks/509c2_next_dist_512df543._.js:2297
[ 1024971ms] [LOG] [Fast Refresh] done in 1924ms @ http://localhost:3000/_next/static/chunks/509c2_next_dist_512df543._.js:2297
[ 1112827ms] [LOG] [Fast Refresh] rebuilding @ http://localhost:3000/_next/static/chunks/509c2_next_dist_512df543._.js:2297
[ 1112829ms] [LOG] [Fast Refresh] done in 103ms @ http://localhost:3000/_next/static/chunks/509c2_next_dist_512df543._.js:2297
[ 1130584ms] [LOG] [Fast Refresh] rebuilding @ http://localhost:3000/_next/static/chunks/509c2_next_dist_512df543._.js:2297
[ 1130680ms] [LOG] [Fast Refresh] done in 180ms @ http://localhost:3000/_next/static/chunks/509c2_next_dist_512df543._.js:2297
[ 1229872ms] [LOG] [Fast Refresh] rebuilding @ http://localhost:3000/_next/static/chunks/509c2_next_dist_512df543._.js:2297
[ 1234154ms] [VERBOSE] [DOM] Input elements should have autocomplete attributes (suggested: "current-password"): (More info: https://goo.gl/9p2vKq) %o @ http://localhost:3000/en-US/login:0
[ 1246779ms] [INFO] %cDownload the React DevTools for a better development experience: https://react.dev/link/react-devtools font-weight:bold @ http://localhost:3000/_next/static/chunks/509c2_next_dist_512df543._.js:2297
[ 1246805ms] [LOG] [HMR] connected @ http://localhost:3000/_next/static/chunks/509c2_next_dist_512df543._.js:2297
[ 1248635ms] [LOG] [Fast Refresh] rebuilding @ http://localhost:3000/_next/static/chunks/509c2_next_dist_512df543._.js:2297
[ 1248807ms] [LOG] [Fast Refresh] done in 275ms @ http://localhost:3000/_next/static/chunks/509c2_next_dist_512df543._.js:2297
[ 1619417ms] [LOG] [Fast Refresh] rebuilding @ http://localhost:3000/_next/static/chunks/509c2_next_dist_512df543._.js:2297
[ 1619700ms] [LOG] [Fast Refresh] done in 384ms @ http://localhost:3000/_next/static/chunks/509c2_next_dist_512df543._.js:2297
[ 1784922ms] [ERROR] WebSocket connection to 'ws://localhost:3000/_next/webpack-hmr?id=S3NbA4Q0qyxNe3Gdf8FIC' failed: Error in connection establishment: net::ERR_CONNECTION_REFUSED @ http://localhost:3000/_next/static/chunks/509c2_next_dist_client_2680adc2._.js:10878
[ 1785924ms] [ERROR] WebSocket connection to 'ws://localhost:3000/_next/webpack-hmr?id=S3NbA4Q0qyxNe3Gdf8FIC' failed: Error in connection establishment: net::ERR_CONNECTION_REFUSED @ http://localhost:3000/_next/static/chunks/509c2_next_dist_client_2680adc2._.js:10878
[ 1786926ms] [ERROR] WebSocket connection to 'ws://localhost:3000/_next/webpack-hmr?id=S3NbA4Q0qyxNe3Gdf8FIC' failed: Error in connection establishment: net::ERR_CONNECTION_REFUSED @ http://localhost:3000/_next/static/chunks/509c2_next_dist_client_2680adc2._.js:10878
[ 1787927ms] [ERROR] WebSocket connection to 'ws://localhost:3000/_next/webpack-hmr?id=S3NbA4Q0qyxNe3Gdf8FIC' failed: Error in connection establishment: net::ERR_CONNECTION_REFUSED @ http://localhost:3000/_next/static/chunks/509c2_next_dist_client_2680adc2._.js:10878
[ 1788934ms] [ERROR] WebSocket connection to 'ws://localhost:3000/_next/webpack-hmr?id=S3NbA4Q0qyxNe3Gdf8FIC' failed: Error in connection establishment: net::ERR_CONNECTION_REFUSED @ http://localhost:3000/_next/static/chunks/509c2_next_dist_client_2680adc2._.js:10878
[ 1793939ms] [ERROR] WebSocket connection to 'ws://localhost:3000/_next/webpack-hmr?id=S3NbA4Q0qyxNe3Gdf8FIC' failed: Error in connection establishment: net::ERR_CONNECTION_REFUSED @ http://localhost:3000/_next/static/chunks/509c2_next_dist_client_2680adc2._.js:10878
[ 1798953ms] [LOG] [HMR] connected @ http://localhost:3000/_next/static/chunks/509c2_next_dist_512df543._.js:2297
[ 1835352ms] [VERBOSE] [DOM] Input elements should have autocomplete attributes (suggested: "current-password"): (More info: https://goo.gl/9p2vKq) %o @ http://localhost:3000/en-US/login:0
[ 1847139ms] [INFO] %cDownload the React DevTools for a better development experience: https://react.dev/link/react-devtools font-weight:bold @ webpack-internal:///(app-pages-browser)/../../node_modules/.pnpm/next@16.1.7_@babel+core@7.29.7_@playwright+test@1.60.0_react-dom@19.2.7_react@19.2.7/node_modules/next/dist/next-devtools/shared/forward-logs-shared.js:27
[ 1847956ms] [LOG] [HMR] connected @ webpack-internal:///(app-pages-browser)/../../node_modules/.pnpm/next@16.1.7_@babel+core@7.29.7_@playwright+test@1.60.0_react-dom@19.2.7_react@19.2.7/node_modules/next/dist/next-devtools/shared/forward-logs-shared.js:27
[ 1987812ms] [LOG] [Fast Refresh] rebuilding @ webpack-internal:///(app-pages-browser)/../../node_modules/.pnpm/next@16.1.7_@babel+core@7.29.7_@playwright+test@1.60.0_react-dom@19.2.7_react@19.2.7/node_modules/next/dist/next-devtools/shared/forward-logs-shared.js:27
[ 1992284ms] [LOG] [Fast Refresh] done in 4472ms @ webpack-internal:///(app-pages-browser)/../../node_modules/.pnpm/next@16.1.7_@babel+core@7.29.7_@playwright+test@1.60.0_react-dom@19.2.7_react@19.2.7/node_modules/next/dist/next-devtools/shared/forward-logs-shared.js:27
[ 1995967ms] [LOG] [Fast Refresh] rebuilding @ webpack-internal:///(app-pages-browser)/../../node_modules/.pnpm/next@16.1.7_@babel+core@7.29.7_@playwright+test@1.60.0_react-dom@19.2.7_react@19.2.7/node_modules/next/dist/next-devtools/shared/forward-logs-shared.js:27
[ 1998013ms] [LOG] [Fast Refresh] done in 2046ms @ webpack-internal:///(app-pages-browser)/../../node_modules/.pnpm/next@16.1.7_@babel+core@7.29.7_@playwright+test@1.60.0_react-dom@19.2.7_react@19.2.7/node_modules/next/dist/next-devtools/shared/forward-logs-shared.js:27
[ 2150748ms] [ERROR] WebSocket connection to 'ws://localhost:3000/_next/webpack-hmr?id=FCLSA_OLeKW-ItarK9nLl' failed: Error in connection establishment: net::ERR_CONNECTION_REFUSED @ webpack-internal:///(app-pages-browser)/../../node_modules/.pnpm/next@16.1.7_@babel+core@7.29.7_@playwright+test@1.60.0_react-dom@19.2.7_react@19.2.7/node_modules/next/dist/client/dev/hot-reloader/app/web-socket.js:59
[ 2151751ms] [ERROR] WebSocket connection to 'ws://localhost:3000/_next/webpack-hmr?id=FCLSA_OLeKW-ItarK9nLl' failed: Error in connection establishment: net::ERR_CONNECTION_REFUSED @ webpack-internal:///(app-pages-browser)/../../node_modules/.pnpm/next@16.1.7_@babel+core@7.29.7_@playwright+test@1.60.0_react-dom@19.2.7_react@19.2.7/node_modules/next/dist/client/dev/hot-reloader/app/web-socket.js:59
[ 2152753ms] [ERROR] WebSocket connection to 'ws://localhost:3000/_next/webpack-hmr?id=FCLSA_OLeKW-ItarK9nLl' failed: Error in connection establishment: net::ERR_CONNECTION_REFUSED @ webpack-internal:///(app-pages-browser)/../../node_modules/.pnpm/next@16.1.7_@babel+core@7.29.7_@playwright+test@1.60.0_react-dom@19.2.7_react@19.2.7/node_modules/next/dist/client/dev/hot-reloader/app/web-socket.js:59
[ 2153755ms] [ERROR] WebSocket connection to 'ws://localhost:3000/_next/webpack-hmr?id=FCLSA_OLeKW-ItarK9nLl' failed: Error in connection establishment: net::ERR_CONNECTION_REFUSED @ webpack-internal:///(app-pages-browser)/../../node_modules/.pnpm/next@16.1.7_@babel+core@7.29.7_@playwright+test@1.60.0_react-dom@19.2.7_react@19.2.7/node_modules/next/dist/client/dev/hot-reloader/app/web-socket.js:59
[ 2154759ms] [ERROR] WebSocket connection to 'ws://localhost:3000/_next/webpack-hmr?id=FCLSA_OLeKW-ItarK9nLl' failed: Error in connection establishment: net::ERR_CONNECTION_REFUSED @ webpack-internal:///(app-pages-browser)/../../node_modules/.pnpm/next@16.1.7_@babel+core@7.29.7_@playwright+test@1.60.0_react-dom@19.2.7_react@19.2.7/node_modules/next/dist/client/dev/hot-reloader/app/web-socket.js:59
[ 2161920ms] [LOG] [HMR] connected @ webpack-internal:///(app-pages-browser)/../../node_modules/.pnpm/next@16.1.7_@babel+core@7.29.7_@playwright+test@1.60.0_react-dom@19.2.7_react@19.2.7/node_modules/next/dist/next-devtools/shared/forward-logs-shared.js:27
[ 2184953ms] [VERBOSE] [DOM] Input elements should have autocomplete attributes (suggested: "current-password"): (More info: https://goo.gl/9p2vKq) %o @ http://localhost:3000/en-US/login:0
[ 2187716ms] [INFO] %cDownload the React DevTools for a better development experience: https://react.dev/link/react-devtools font-weight:bold @ webpack-internal:///(app-pages-browser)/../../node_modules/.pnpm/next@16.1.7_@babel+core@7.29.7_@playwright+test@1.60.0_react-dom@19.2.7_react@19.2.7/node_modules/next/dist/next-devtools/shared/forward-logs-shared.js:27
[ 2188037ms] [LOG] [HMR] connected @ webpack-internal:///(app-pages-browser)/../../node_modules/.pnpm/next@16.1.7_@babel+core@7.29.7_@playwright+test@1.60.0_react-dom@19.2.7_react@19.2.7/node_modules/next/dist/next-devtools/shared/forward-logs-shared.js:27
[ 2189261ms] [LOG] [Fast Refresh] rebuilding @ webpack-internal:///(app-pages-browser)/../../node_modules/.pnpm/next@16.1.7_@babel+core@7.29.7_@playwright+test@1.60.0_react-dom@19.2.7_react@19.2.7/node_modules/next/dist/next-devtools/shared/forward-logs-shared.js:27
[ 2191625ms] [LOG] [Fast Refresh] done in 2364ms @ webpack-internal:///(app-pages-browser)/../../node_modules/.pnpm/next@16.1.7_@babel+core@7.29.7_@playwright+test@1.60.0_react-dom@19.2.7_react@19.2.7/node_modules/next/dist/next-devtools/shared/forward-logs-shared.js:27
[ 2191703ms] [LOG] [Fast Refresh] rebuilding @ webpack-internal:///(app-pages-browser)/../../node_modules/.pnpm/next@16.1.7_@babel+core@7.29.7_@playwright+test@1.60.0_react-dom@19.2.7_react@19.2.7/node_modules/next/dist/next-devtools/shared/forward-logs-shared.js:27
[ 2193138ms] [LOG] [Fast Refresh] done in 1436ms @ webpack-internal:///(app-pages-browser)/../../node_modules/.pnpm/next@16.1.7_@babel+core@7.29.7_@playwright+test@1.60.0_react-dom@19.2.7_react@19.2.7/node_modules/next/dist/next-devtools/shared/forward-logs-shared.js:27
[ 2197659ms] [WARNING] The resource http://localhost:3000/_next/static/css/app/layout.css?v=1781583219222 was preloaded using link preload but not used within a few seconds from the window's load event. Please make sure it has an appropriate `as` value and it is preloaded intentionally. @ http://localhost:3000/en-US/login:0
[ 2202556ms] [ERROR] WebSocket connection to 'ws://localhost:3000/_next/webpack-hmr?id=1KJvUHgE2bHVBX7Ya48I-' failed: Error in connection establishment: net::ERR_CONNECTION_REFUSED @ webpack-internal:///(app-pages-browser)/../../node_modules/.pnpm/next@16.1.7_@babel+core@7.29.7_@playwright+test@1.60.0_react-dom@19.2.7_react@19.2.7/node_modules/next/dist/client/dev/hot-reloader/app/web-socket.js:59
[ 2203559ms] [ERROR] WebSocket connection to 'ws://localhost:3000/_next/webpack-hmr?id=1KJvUHgE2bHVBX7Ya48I-' failed: Error in connection establishment: net::ERR_CONNECTION_REFUSED @ webpack-internal:///(app-pages-browser)/../../node_modules/.pnpm/next@16.1.7_@babel+core@7.29.7_@playwright+test@1.60.0_react-dom@19.2.7_react@19.2.7/node_modules/next/dist/client/dev/hot-reloader/app/web-socket.js:59
[ 2204561ms] [ERROR] WebSocket connection to 'ws://localhost:3000/_next/webpack-hmr?id=1KJvUHgE2bHVBX7Ya48I-' failed: Error in connection establishment: net::ERR_CONNECTION_REFUSED @ webpack-internal:///(app-pages-browser)/../../node_modules/.pnpm/next@16.1.7_@babel+core@7.29.7_@playwright+test@1.60.0_react-dom@19.2.7_react@19.2.7/node_modules/next/dist/client/dev/hot-reloader/app/web-socket.js:59
[ 2205563ms] [ERROR] WebSocket connection to 'ws://localhost:3000/_next/webpack-hmr?id=1KJvUHgE2bHVBX7Ya48I-' failed: Error in connection establishment: net::ERR_CONNECTION_REFUSED @ webpack-internal:///(app-pages-browser)/../../node_modules/.pnpm/next@16.1.7_@babel+core@7.29.7_@playwright+test@1.60.0_react-dom@19.2.7_react@19.2.7/node_modules/next/dist/client/dev/hot-reloader/app/web-socket.js:59
[ 2206565ms] [ERROR] WebSocket connection to 'ws://localhost:3000/_next/webpack-hmr?id=1KJvUHgE2bHVBX7Ya48I-' failed: Error in connection establishment: net::ERR_CONNECTION_REFUSED @ webpack-internal:///(app-pages-browser)/../../node_modules/.pnpm/next@16.1.7_@babel+core@7.29.7_@playwright+test@1.60.0_react-dom@19.2.7_react@19.2.7/node_modules/next/dist/client/dev/hot-reloader/app/web-socket.js:59
[ 2211569ms] [ERROR] WebSocket connection to 'ws://localhost:3000/_next/webpack-hmr?id=1KJvUHgE2bHVBX7Ya48I-' failed: Error in connection establishment: net::ERR_CONNECTION_REFUSED @ webpack-internal:///(app-pages-browser)/../../node_modules/.pnpm/next@16.1.7_@babel+core@7.29.7_@playwright+test@1.60.0_react-dom@19.2.7_react@19.2.7/node_modules/next/dist/client/dev/hot-reloader/app/web-socket.js:59
[ 2216571ms] [ERROR] WebSocket connection to 'ws://localhost:3000/_next/webpack-hmr?id=1KJvUHgE2bHVBX7Ya48I-' failed: Error in connection establishment: net::ERR_CONNECTION_REFUSED @ webpack-internal:///(app-pages-browser)/../../node_modules/.pnpm/next@16.1.7_@babel+core@7.29.7_@playwright+test@1.60.0_react-dom@19.2.7_react@19.2.7/node_modules/next/dist/client/dev/hot-reloader/app/web-socket.js:59
[ 2221575ms] [ERROR] WebSocket connection to 'ws://localhost:3000/_next/webpack-hmr?id=1KJvUHgE2bHVBX7Ya48I-' failed: Error in connection establishment: net::ERR_CONNECTION_REFUSED @ webpack-internal:///(app-pages-browser)/../../node_modules/.pnpm/next@16.1.7_@babel+core@7.29.7_@playwright+test@1.60.0_react-dom@19.2.7_react@19.2.7/node_modules/next/dist/client/dev/hot-reloader/app/web-socket.js:59
[ 2226578ms] [ERROR] WebSocket connection to 'ws://localhost:3000/_next/webpack-hmr?id=1KJvUHgE2bHVBX7Ya48I-' failed: Error in connection establishment: net::ERR_CONNECTION_REFUSED @ webpack-internal:///(app-pages-browser)/../../node_modules/.pnpm/next@16.1.7_@babel+core@7.29.7_@playwright+test@1.60.0_react-dom@19.2.7_react@19.2.7/node_modules/next/dist/client/dev/hot-reloader/app/web-socket.js:59
[ 2231582ms] [ERROR] WebSocket connection to 'ws://localhost:3000/_next/webpack-hmr?id=1KJvUHgE2bHVBX7Ya48I-' failed: Error in connection establishment: net::ERR_CONNECTION_REFUSED @ webpack-internal:///(app-pages-browser)/../../node_modules/.pnpm/next@16.1.7_@babel+core@7.29.7_@playwright+test@1.60.0_react-dom@19.2.7_react@19.2.7/node_modules/next/dist/client/dev/hot-reloader/app/web-socket.js:59
[ 2236588ms] [ERROR] WebSocket connection to 'ws://localhost:3000/_next/webpack-hmr?id=1KJvUHgE2bHVBX7Ya48I-' failed: Error in connection establishment: net::ERR_CONNECTION_REFUSED @ webpack-internal:///(app-pages-browser)/../../node_modules/.pnpm/next@16.1.7_@babel+core@7.29.7_@playwright+test@1.60.0_react-dom@19.2.7_react@19.2.7/node_modules/next/dist/client/dev/hot-reloader/app/web-socket.js:59
[ 2241594ms] [ERROR] WebSocket connection to 'ws://localhost:3000/_next/webpack-hmr?id=1KJvUHgE2bHVBX7Ya48I-' failed: Error in connection establishment: net::ERR_CONNECTION_REFUSED @ webpack-internal:///(app-pages-browser)/../../node_modules/.pnpm/next@16.1.7_@babel+core@7.29.7_@playwright+test@1.60.0_react-dom@19.2.7_react@19.2.7/node_modules/next/dist/client/dev/hot-reloader/app/web-socket.js:59
[ 2285757ms] [VERBOSE] [DOM] Input elements should have autocomplete attributes (suggested: "current-password"): (More info: https://goo.gl/9p2vKq) %o @ http://localhost:3000/en-US/login:0
[ 2287139ms] [INFO] %cDownload the React DevTools for a better development experience: https://react.dev/link/react-devtools font-weight:bold @ webpack-internal:///(app-pages-browser)/../../node_modules/.pnpm/next@16.1.7_@babel+core@7.29.7_@playwright+test@1.60.0_react-dom@19.2.7_react@19.2.7/node_modules/next/dist/next-devtools/shared/forward-logs-shared.js:27
[ 2287773ms] [LOG] [HMR] connected @ webpack-internal:///(app-pages-browser)/../../node_modules/.pnpm/next@16.1.7_@babel+core@7.29.7_@playwright+test@1.60.0_react-dom@19.2.7_react@19.2.7/node_modules/next/dist/next-devtools/shared/forward-logs-shared.js:27
[ 2291733ms] [WARNING] The resource http://localhost:3000/_next/static/css/app/layout.css?v=1781583314204 was preloaded using link preload but not used within a few seconds from the window's load event. Please make sure it has an appropriate `as` value and it is preloaded intentionally. @ http://localhost:3000/en-US/login:0
[ 5111170ms] [LOG] [Fast Refresh] rebuilding @ webpack-internal:///(app-pages-browser)/../../node_modules/.pnpm/next@16.1.7_@babel+core@7.29.7_@playwright+test@1.60.0_react-dom@19.2.7_react@19.2.7/node_modules/next/dist/next-devtools/shared/forward-logs-shared.js:27
[ 5114579ms] [WARNING] The resource http://localhost:3000/_next/static/css/app/layout.css?v=1781583314204 was preloaded using link preload but not used within a few seconds from the window's load event. Please make sure it has an appropriate `as` value and it is preloaded intentionally. @ http://localhost:3000/en-US/login:0
[ 5117111ms] [LOG] [Fast Refresh] done in 5942ms @ webpack-internal:///(app-pages-browser)/../../node_modules/.pnpm/next@16.1.7_@babel+core@7.29.7_@playwright+test@1.60.0_react-dom@19.2.7_react@19.2.7/node_modules/next/dist/next-devtools/shared/forward-logs-shared.js:27
[ 5117180ms] [LOG] [Fast Refresh] rebuilding @ webpack-internal:///(app-pages-browser)/../../node_modules/.pnpm/next@16.1.7_@babel+core@7.29.7_@playwright+test@1.60.0_react-dom@19.2.7_react@19.2.7/node_modules/next/dist/next-devtools/shared/forward-logs-shared.js:27
[ 5119093ms] [LOG] [Fast Refresh] done in 1913ms @ webpack-internal:///(app-pages-browser)/../../node_modules/.pnpm/next@16.1.7_@babel+core@7.29.7_@playwright+test@1.60.0_react-dom@19.2.7_react@19.2.7/node_modules/next/dist/next-devtools/shared/forward-logs-shared.js:27
[ 5119313ms] [LOG] [Fast Refresh] rebuilding @ webpack-internal:///(app-pages-browser)/../../node_modules/.pnpm/next@16.1.7_@babel+core@7.29.7_@playwright+test@1.60.0_react-dom@19.2.7_react@19.2.7/node_modules/next/dist/next-devtools/shared/forward-logs-shared.js:27
[ 5121201ms] [LOG] [Fast Refresh] done in 1888ms @ webpack-internal:///(app-pages-browser)/../../node_modules/.pnpm/next@16.1.7_@babel+core@7.29.7_@playwright+test@1.60.0_react-dom@19.2.7_react@19.2.7/node_modules/next/dist/next-devtools/shared/forward-logs-shared.js:27
[ 5122714ms] [LOG] [Fast Refresh] rebuilding @ webpack-internal:///(app-pages-browser)/../../node_modules/.pnpm/next@16.1.7_@babel+core@7.29.7_@playwright+test@1.60.0_react-dom@19.2.7_react@19.2.7/node_modules/next/dist/next-devtools/shared/forward-logs-shared.js:27
[ 5122716ms] [WARNING] The resource http://localhost:3000/_next/static/css/app/layout.css?v=1781583314204 was preloaded using link preload but not used within a few seconds from the window's load event. Please make sure it has an appropriate `as` value and it is preloaded intentionally. @ http://localhost:3000/en-US/login:0
[ 5127420ms] [WARNING] The resource http://localhost:3000/_next/static/css/app/layout.css?v=1781583314204 was preloaded using link preload but not used within a few seconds from the window's load event. Please make sure it has an appropriate `as` value and it is preloaded intentionally. @ http://localhost:3000/en-US/login:0
[ 5127420ms] [WARNING] The resource http://localhost:3000/_next/static/css/app/layout.css?v=1781586147395 was preloaded using link preload but not used within a few seconds from the window's load event. Please make sure it has an appropriate `as` value and it is preloaded intentionally. @ http://localhost:3000/en-US/login:0
[ 5129648ms] [LOG] [Fast Refresh] done in 6934ms @ webpack-internal:///(app-pages-browser)/../../node_modules/.pnpm/next@16.1.7_@babel+core@7.29.7_@playwright+test@1.60.0_react-dom@19.2.7_react@19.2.7/node_modules/next/dist/next-devtools/shared/forward-logs-shared.js:27
[ 5129736ms] [LOG] [Fast Refresh] rebuilding @ webpack-internal:///(app-pages-browser)/../../node_modules/.pnpm/next@16.1.7_@babel+core@7.29.7_@playwright+test@1.60.0_react-dom@19.2.7_react@19.2.7/node_modules/next/dist/next-devtools/shared/forward-logs-shared.js:27
[ 5131085ms] [LOG] [Fast Refresh] done in 1349ms @ webpack-internal:///(app-pages-browser)/../../node_modules/.pnpm/next@16.1.7_@babel+core@7.29.7_@playwright+test@1.60.0_react-dom@19.2.7_react@19.2.7/node_modules/next/dist/next-devtools/shared/forward-logs-shared.js:27
[ 5131165ms] [LOG] [Fast Refresh] rebuilding @ webpack-internal:///(app-pages-browser)/../../node_modules/.pnpm/next@16.1.7_@babel+core@7.29.7_@playwright+test@1.60.0_react-dom@19.2.7_react@19.2.7/node_modules/next/dist/next-devtools/shared/forward-logs-shared.js:27
[ 5132649ms] [WARNING] The resource http://localhost:3000/_next/static/css/app/layout.css?v=1781583314204 was preloaded using link preload but not used within a few seconds from the window's load event. Please make sure it has an appropriate `as` value and it is preloaded intentionally. @ http://localhost:3000/en-US/login:0
[ 5132650ms] [WARNING] The resource http://localhost:3000/_next/static/css/app/layout.css?v=1781586147395 was preloaded using link preload but not used within a few seconds from the window's load event. Please make sure it has an appropriate `as` value and it is preloaded intentionally. @ http://localhost:3000/en-US/login:0
[ 5132888ms] [LOG] [Fast Refresh] done in 1723ms @ webpack-internal:///(app-pages-browser)/../../node_modules/.pnpm/next@16.1.7_@babel+core@7.29.7_@playwright+test@1.60.0_react-dom@19.2.7_react@19.2.7/node_modules/next/dist/next-devtools/shared/forward-logs-shared.js:27
[ 5138373ms] [WARNING] The resource http://localhost:3000/_next/static/css/app/layout.css?v=1781583314204 was preloaded using link preload but not used within a few seconds from the window's load event. Please make sure it has an appropriate `as` value and it is preloaded intentionally. @ http://localhost:3000/en-US/login:0
[ 5138373ms] [WARNING] The resource http://localhost:3000/_next/static/css/app/layout.css?v=1781586147395 was preloaded using link preload but not used within a few seconds from the window's load event. Please make sure it has an appropriate `as` value and it is preloaded intentionally. @ http://localhost:3000/en-US/login:0
[ 5138373ms] [WARNING] The resource http://localhost:3000/_next/static/css/app/layout.css?v=1781586159189 was preloaded using link preload but not used within a few seconds from the window's load event. Please make sure it has an appropriate `as` value and it is preloaded intentionally. @ http://localhost:3000/en-US/login:0
[ 5152572ms] [VERBOSE] [DOM] Input elements should have autocomplete attributes (suggested: "current-password"): (More info: https://goo.gl/9p2vKq) %o @ http://localhost:3000/en-US/login:0
[ 5154149ms] [INFO] %cDownload the React DevTools for a better development experience: https://react.dev/link/react-devtools font-weight:bold @ webpack-internal:///(app-pages-browser)/../../node_modules/.pnpm/next@16.1.7_@babel+core@7.29.7_@playwright+test@1.60.0_react-dom@19.2.7_react@19.2.7/node_modules/next/dist/next-devtools/shared/forward-logs-shared.js:27
[ 5155118ms] [LOG] [HMR] connected @ webpack-internal:///(app-pages-browser)/../../node_modules/.pnpm/next@16.1.7_@babel+core@7.29.7_@playwright+test@1.60.0_react-dom@19.2.7_react@19.2.7/node_modules/next/dist/next-devtools/shared/forward-logs-shared.js:27
[ 5159403ms] [WARNING] The resource http://localhost:3000/_next/static/css/app/layout.css?v=1781586182051 was preloaded using link preload but not used within a few seconds from the window's load event. Please make sure it has an appropriate `as` value and it is preloaded intentionally. @ http://localhost:3000/en-US/login:0
