[    7700ms] [INFO] %cDownload the React DevTools for a better development experience: https://react.dev/link/react-devtools font-weight:bold @ http://localhost:3000/_next/static/chunks/509c2_next_dist_512df543._.js:2297
[    7830ms] [LOG] [HMR] connected @ http://localhost:3000/_next/static/chunks/509c2_next_dist_512df543._.js:2297
[   11500ms] [WARNING] The resource http://localhost:3000/_next/static/chunks/%5Broot-of-the-server%5D__e4da2690._.css was preloaded using link preload but not used within a few seconds from the window's load event. Please make sure it has an appropriate `as` value and it is preloaded intentionally. @ http://localhost:3000/en-US:0
[ 1589200ms] [LOG] [Fast Refresh] rebuilding @ http://localhost:3000/_next/static/chunks/509c2_next_dist_512df543._.js:2297
[ 1589248ms] [LOG] [Fast Refresh] done in 149ms @ http://localhost:3000/_next/static/chunks/509c2_next_dist_512df543._.js:2297
[ 1589407ms] [LOG] [Fast Refresh] rebuilding @ http://localhost:3000/_next/static/chunks/509c2_next_dist_512df543._.js:2297
[ 1589527ms] [LOG] [Fast Refresh] done in 220ms @ http://localhost:3000/_next/static/chunks/509c2_next_dist_512df543._.js:2297
[ 1590900ms] [LOG] [Fast Refresh] rebuilding @ http://localhost:3000/_next/static/chunks/509c2_next_dist_512df543._.js:2297
[ 1590968ms] [LOG] [Fast Refresh] done in 168ms @ http://localhost:3000/_next/static/chunks/509c2_next_dist_512df543._.js:2297
[ 1591181ms] [LOG] [Fast Refresh] rebuilding @ http://localhost:3000/_next/static/chunks/509c2_next_dist_512df543._.js:2297
[ 1591231ms] [LOG] [Fast Refresh] done in 151ms @ http://localhost:3000/_next/static/chunks/509c2_next_dist_512df543._.js:2297
[ 1592288ms] [LOG] [Fast Refresh] rebuilding @ http://localhost:3000/_next/static/chunks/509c2_next_dist_512df543._.js:2297
[ 1592320ms] [LOG] [Fast Refresh] done in 133ms @ http://localhost:3000/_next/static/chunks/509c2_next_dist_512df543._.js:2297
[ 1592512ms] [LOG] [Fast Refresh] rebuilding @ http://localhost:3000/_next/static/chunks/509c2_next_dist_512df543._.js:2297
[ 1592540ms] [LOG] [Fast Refresh] done in 129ms @ http://localhost:3000/_next/static/chunks/509c2_next_dist_512df543._.js:2297
[ 1593306ms] [LOG] [Fast Refresh] rebuilding @ http://localhost:3000/_next/static/chunks/509c2_next_dist_512df543._.js:2297
[ 1593365ms] [LOG] [Fast Refresh] done in 160ms @ http://localhost:3000/_next/static/chunks/509c2_next_dist_512df543._.js:2297
[ 1594285ms] [LOG] [Fast Refresh] rebuilding @ http://localhost:3000/_next/static/chunks/509c2_next_dist_512df543._.js:2297
[ 1594320ms] [LOG] [Fast Refresh] done in 137ms @ http://localhost:3000/_next/static/chunks/509c2_next_dist_512df543._.js:2297
[ 1595122ms] [LOG] [Fast Refresh] rebuilding @ http://localhost:3000/_next/static/chunks/509c2_next_dist_512df543._.js:2297
[ 1595149ms] [LOG] [Fast Refresh] done in 129ms @ http://localhost:3000/_next/static/chunks/509c2_next_dist_512df543._.js:2297
[ 1595922ms] [LOG] [Fast Refresh] rebuilding @ http://localhost:3000/_next/static/chunks/509c2_next_dist_512df543._.js:2297
[ 1595962ms] [LOG] [Fast Refresh] done in 141ms @ http://localhost:3000/_next/static/chunks/509c2_next_dist_512df543._.js:2297
[ 1638714ms] [LOG] [Fast Refresh] rebuilding @ http://localhost:3000/_next/static/chunks/509c2_next_dist_512df543._.js:2297
[ 1642017ms] [WARNING] The resource http://localhost:3000/_next/static/chunks/%5Broot-of-the-server%5D__e4da2690._.css was preloaded using link preload but not used within a few seconds from the window's load event. Please make sure it has an appropriate `as` value and it is preloaded intentionally. @ http://localhost:3000/en-US:0
[ 1642302ms] [LOG] [Fast Refresh] done in 3025ms @ http://localhost:3000/_next/static/chunks/509c2_next_dist_512df543._.js:2297
[ 1643105ms] [LOG] [Fast Refresh] rebuilding @ http://localhost:3000/_next/static/chunks/509c2_next_dist_512df543._.js:2297
[ 1643121ms] [LOG] [Fast Refresh] done in 116ms @ http://localhost:3000/_next/static/chunks/509c2_next_dist_512df543._.js:2297
[ 1646487ms] [WARNING] The resource http://localhost:3000/_next/static/chunks/%5Broot-of-the-server%5D__e4da2690._.css was preloaded using link preload but not used within a few seconds from the window's load event. Please make sure it has an appropriate `as` value and it is preloaded intentionally. @ http://localhost:3000/en-US:0
[ 1677446ms] [LOG] [Fast Refresh] rebuilding @ http://localhost:3000/_next/static/chunks/509c2_next_dist_512df543._.js:2297
[ 1677488ms] [ERROR] ./pi-cwd-20260601/admin-platform/apps/admin/src/app/[locale]/(app)/page.tsx:480:13
Parsing ecmascript source code failed
  478 |           </SelectContent>
  479 |         </Select>
> 480 |       </div>
      |             ^
> 481 |     </div>
      | ^^^^^
  482 |   );
  483 | }
  484 |

Expected '</', got 'jsx text'

Import traces:
  Client Component Browser:
    ./pi-cwd-20260601/admin-platform/apps/admin/src/app/[locale]/(app)/page.tsx [Client Component Browser]
    ./pi-cwd-20260601/admin-platform/apps/admin/src/app/[locale]/(app)/page.tsx [Server Component]

  Client Component SSR:
    ./pi-cwd-20260601/admin-platform/apps/admin/src/app/[locale]/(app)/page.tsx [Client Component SSR]
    ./pi-cwd-20260601/admin-platform/apps/admin/src/app/[locale]/(app)/page.tsx [Server Component] @ http://localhost:3000/_next/static/chunks/509c2_next_dist_512df543._.js:3127
[ 1680532ms] [WARNING] The resource http://localhost:3000/_next/static/chunks/%5Broot-of-the-server%5D__e4da2690._.css was preloaded using link preload but not used within a few seconds from the window's load event. Please make sure it has an appropriate `as` value and it is preloaded intentionally. @ http://localhost:3000/en-US:0
[ 1741749ms] [LOG] [Fast Refresh] rebuilding @ http://localhost:3000/_next/static/chunks/509c2_next_dist_512df543._.js:2297
[ 1742284ms] [LOG] [Fast Refresh] done in 401ms @ http://localhost:3000/_next/static/chunks/509c2_next_dist_512df543._.js:2297
[ 1742718ms] [LOG] [Fast Refresh] rebuilding @ http://localhost:3000/_next/static/chunks/509c2_next_dist_512df543._.js:2297
[ 1742763ms] [LOG] [Fast Refresh] done in 146ms @ http://localhost:3000/_next/static/chunks/509c2_next_dist_512df543._.js:2297
[ 1742900ms] [ERROR] Failed to load resource: the server responded with a status of 404 (Not Found) @ http://localhost:3000/aps/manage/v1/statistics/getStableCoin:0
[ 1742903ms] [ERROR] Failed to load resource: the server responded with a status of 404 (Not Found) @ http://localhost:3000/aps/manage/v1/td/dashboard/transaction/statistics:0
[ 1742903ms] [ERROR] Failed to load resource: the server responded with a status of 404 (Not Found) @ http://localhost:3000/aps/manage/v1/common/stablecoin/enabled/searches:0
[ 1742943ms] [ERROR] Failed to load resource: the server responded with a status of 404 (Not Found) @ http://localhost:3000/aps/manage/v1/td/dashboard/wallet/statistics:0
[ 1746385ms] [WARNING] The resource http://localhost:3000/_next/static/chunks/%5Broot-of-the-server%5D__e4da2690._.css was preloaded using link preload but not used within a few seconds from the window's load event. Please make sure it has an appropriate `as` value and it is preloaded intentionally. @ http://localhost:3000/en-US:0
