[   26541ms] [INFO] %cDownload the React DevTools for a better development experience: https://react.dev/link/react-devtools font-weight:bold @ http://localhost:3000/_next/static/chunks/509c2_next_dist_512df543._.js:2297
[   26742ms] [LOG] [HMR] connected @ http://localhost:3000/_next/static/chunks/509c2_next_dist_512df543._.js:2297
[   30307ms] [WARNING] The resource http://localhost:3000/_next/static/chunks/%5Broot-of-the-server%5D__e4da2690._.css was preloaded using link preload but not used within a few seconds from the window's load event. Please make sure it has an appropriate `as` value and it is preloaded intentionally. @ http://localhost:3000/en-US:0
[   64469ms] [WARNING] The resource http://localhost:3000/_next/static/chunks/%5Broot-of-the-server%5D__e4da2690._.css was preloaded using link preload but not used within a few seconds from the window's load event. Please make sure it has an appropriate `as` value and it is preloaded intentionally. @ http://localhost:3000/en-US:0
[   70887ms] [LOG] [Fast Refresh] rebuilding @ http://localhost:3000/_next/static/chunks/509c2_next_dist_512df543._.js:2297
[   74196ms] [WARNING] The resource http://localhost:3000/_next/static/chunks/%5Broot-of-the-server%5D__e4da2690._.css was preloaded using link preload but not used within a few seconds from the window's load event. Please make sure it has an appropriate `as` value and it is preloaded intentionally. @ http://localhost:3000/en-US:0
[   81429ms] [LOG] [Fast Refresh] done in 10641ms @ http://localhost:3000/_next/static/chunks/509c2_next_dist_512df543._.js:2297
[  163581ms] [ERROR] WebSocket connection to 'ws://localhost:3000/_next/webpack-hmr?id=ybQIEsv8VEflyzqQNP506' failed: Error in connection establishment: net::ERR_CONNECTION_REFUSED @ http://localhost:3000/_next/static/chunks/509c2_next_dist_client_2680adc2._.js:10878
[  164583ms] [ERROR] WebSocket connection to 'ws://localhost:3000/_next/webpack-hmr?id=ybQIEsv8VEflyzqQNP506' failed: Error in connection establishment: net::ERR_CONNECTION_REFUSED @ http://localhost:3000/_next/static/chunks/509c2_next_dist_client_2680adc2._.js:10878
[  165585ms] [ERROR] WebSocket connection to 'ws://localhost:3000/_next/webpack-hmr?id=ybQIEsv8VEflyzqQNP506' failed: Error in connection establishment: net::ERR_CONNECTION_REFUSED @ http://localhost:3000/_next/static/chunks/509c2_next_dist_client_2680adc2._.js:10878
[  166587ms] [ERROR] WebSocket connection to 'ws://localhost:3000/_next/webpack-hmr?id=ybQIEsv8VEflyzqQNP506' failed: Error in connection establishment: net::ERR_CONNECTION_REFUSED @ http://localhost:3000/_next/static/chunks/509c2_next_dist_client_2680adc2._.js:10878
[  167589ms] [ERROR] WebSocket connection to 'ws://localhost:3000/_next/webpack-hmr?id=ybQIEsv8VEflyzqQNP506' failed: Error in connection establishment: net::ERR_CONNECTION_REFUSED @ http://localhost:3000/_next/static/chunks/509c2_next_dist_client_2680adc2._.js:10878
[  172592ms] [ERROR] WebSocket connection to 'ws://localhost:3000/_next/webpack-hmr?id=ybQIEsv8VEflyzqQNP506' failed: Error in connection establishment: net::ERR_CONNECTION_REFUSED @ http://localhost:3000/_next/static/chunks/509c2_next_dist_client_2680adc2._.js:10878
[  177597ms] [LOG] [HMR] connected @ http://localhost:3000/_next/static/chunks/509c2_next_dist_512df543._.js:2297
[  179701ms] [VERBOSE] [DOM] Input elements should have autocomplete attributes (suggested: "current-password"): (More info: https://goo.gl/9p2vKq) %o @ http://localhost:3000/en-US/login:0
[  179755ms] [INFO] %cDownload the React DevTools for a better development experience: https://react.dev/link/react-devtools font-weight:bold @ http://localhost:3000/_next/static/chunks/509c2_next_dist_512df543._.js:2297
[  179784ms] [LOG] [HMR] connected @ http://localhost:3000/_next/static/chunks/509c2_next_dist_512df543._.js:2297
[  180072ms] [LOG] [Fast Refresh] rebuilding @ http://localhost:3000/_next/static/chunks/509c2_next_dist_512df543._.js:2297
[  180385ms] [LOG] [Fast Refresh] done in 541ms @ http://localhost:3000/_next/static/chunks/509c2_next_dist_512df543._.js:2297
[ 1480118ms] [LOG] [Fast Refresh] rebuilding @ http://localhost:3000/_next/static/chunks/509c2_next_dist_512df543._.js:2297
[ 1481940ms] [LOG] [Fast Refresh] done in 1923ms @ http://localhost:3000/_next/static/chunks/509c2_next_dist_512df543._.js:2297
[ 1569797ms] [LOG] [Fast Refresh] rebuilding @ http://localhost:3000/_next/static/chunks/509c2_next_dist_512df543._.js:2297
[ 1569798ms] [LOG] [Fast Refresh] done in 103ms @ http://localhost:3000/_next/static/chunks/509c2_next_dist_512df543._.js:2297
[ 1587554ms] [LOG] [Fast Refresh] rebuilding @ http://localhost:3000/_next/static/chunks/509c2_next_dist_512df543._.js:2297
[ 1587650ms] [LOG] [Fast Refresh] done in 178ms @ http://localhost:3000/_next/static/chunks/509c2_next_dist_512df543._.js:2297
[ 1686842ms] [LOG] [Fast Refresh] rebuilding @ http://localhost:3000/_next/static/chunks/509c2_next_dist_512df543._.js:2297
[ 1691070ms] [VERBOSE] [DOM] Input elements should have autocomplete attributes (suggested: "current-password"): (More info: https://goo.gl/9p2vKq) %o @ http://localhost:3000/en-US/login:0
[ 1691367ms] [INFO] %cDownload the React DevTools for a better development experience: https://react.dev/link/react-devtools font-weight:bold @ http://localhost:3000/_next/static/chunks/509c2_next_dist_512df543._.js:2297
[ 1703651ms] [LOG] [HMR] connected @ http://localhost:3000/_next/static/chunks/509c2_next_dist_512df543._.js:2297
[ 1705604ms] [LOG] [Fast Refresh] rebuilding @ http://localhost:3000/_next/static/chunks/509c2_next_dist_512df543._.js:2297
[ 1705778ms] [LOG] [Fast Refresh] done in 275ms @ http://localhost:3000/_next/static/chunks/509c2_next_dist_512df543._.js:2297
[ 2076387ms] [LOG] [Fast Refresh] rebuilding @ http://localhost:3000/_next/static/chunks/509c2_next_dist_512df543._.js:2297
[ 2076670ms] [LOG] [Fast Refresh] done in 384ms @ http://localhost:3000/_next/static/chunks/509c2_next_dist_512df543._.js:2297
[ 2241881ms] [ERROR] WebSocket connection to 'ws://localhost:3000/_next/webpack-hmr?id=zoNKZtrqonXcx41OVnYzX' failed: Error in connection establishment: net::ERR_CONNECTION_REFUSED @ http://localhost:3000/_next/static/chunks/509c2_next_dist_client_2680adc2._.js:10878
[ 2242883ms] [ERROR] WebSocket connection to 'ws://localhost:3000/_next/webpack-hmr?id=zoNKZtrqonXcx41OVnYzX' failed: Error in connection establishment: net::ERR_CONNECTION_REFUSED @ http://localhost:3000/_next/static/chunks/509c2_next_dist_client_2680adc2._.js:10878
[ 2243884ms] [ERROR] WebSocket connection to 'ws://localhost:3000/_next/webpack-hmr?id=zoNKZtrqonXcx41OVnYzX' failed: Error in connection establishment: net::ERR_CONNECTION_REFUSED @ http://localhost:3000/_next/static/chunks/509c2_next_dist_client_2680adc2._.js:10878
[ 2244887ms] [ERROR] WebSocket connection to 'ws://localhost:3000/_next/webpack-hmr?id=zoNKZtrqonXcx41OVnYzX' failed: Error in connection establishment: net::ERR_CONNECTION_REFUSED @ http://localhost:3000/_next/static/chunks/509c2_next_dist_client_2680adc2._.js:10878
[ 2245891ms] [ERROR] WebSocket connection to 'ws://localhost:3000/_next/webpack-hmr?id=zoNKZtrqonXcx41OVnYzX' failed: Error in connection establishment: net::ERR_CONNECTION_REFUSED @ http://localhost:3000/_next/static/chunks/509c2_next_dist_client_2680adc2._.js:10878
[ 2250898ms] [ERROR] WebSocket connection to 'ws://localhost:3000/_next/webpack-hmr?id=zoNKZtrqonXcx41OVnYzX' failed: Error in connection establishment: net::ERR_CONNECTION_REFUSED @ http://localhost:3000/_next/static/chunks/509c2_next_dist_client_2680adc2._.js:10878
[ 2255911ms] [LOG] [HMR] connected @ http://localhost:3000/_next/static/chunks/509c2_next_dist_512df543._.js:2297
[ 2292319ms] [VERBOSE] [DOM] Input elements should have autocomplete attributes (suggested: "current-password"): (More info: https://goo.gl/9p2vKq) %o @ http://localhost:3000/en-US/login:0
[ 2304103ms] [INFO] %cDownload the React DevTools for a better development experience: https://react.dev/link/react-devtools font-weight:bold @ webpack-internal:///(app-pages-browser)/../../node_modules/.pnpm/next@16.1.7_@babel+core@7.29.7_@playwright+test@1.60.0_react-dom@19.2.7_react@19.2.7/node_modules/next/dist/next-devtools/shared/forward-logs-shared.js:27
[ 2304916ms] [LOG] [HMR] connected @ webpack-internal:///(app-pages-browser)/../../node_modules/.pnpm/next@16.1.7_@babel+core@7.29.7_@playwright+test@1.60.0_react-dom@19.2.7_react@19.2.7/node_modules/next/dist/next-devtools/shared/forward-logs-shared.js:27
[ 2444782ms] [LOG] [Fast Refresh] rebuilding @ webpack-internal:///(app-pages-browser)/../../node_modules/.pnpm/next@16.1.7_@babel+core@7.29.7_@playwright+test@1.60.0_react-dom@19.2.7_react@19.2.7/node_modules/next/dist/next-devtools/shared/forward-logs-shared.js:27
[ 2448538ms] [LOG] [Fast Refresh] done in 3756ms @ webpack-internal:///(app-pages-browser)/../../node_modules/.pnpm/next@16.1.7_@babel+core@7.29.7_@playwright+test@1.60.0_react-dom@19.2.7_react@19.2.7/node_modules/next/dist/next-devtools/shared/forward-logs-shared.js:27
[ 2452937ms] [LOG] [Fast Refresh] rebuilding @ webpack-internal:///(app-pages-browser)/../../node_modules/.pnpm/next@16.1.7_@babel+core@7.29.7_@playwright+test@1.60.0_react-dom@19.2.7_react@19.2.7/node_modules/next/dist/next-devtools/shared/forward-logs-shared.js:27
[ 2454628ms] [LOG] [Fast Refresh] done in 1691ms @ webpack-internal:///(app-pages-browser)/../../node_modules/.pnpm/next@16.1.7_@babel+core@7.29.7_@playwright+test@1.60.0_react-dom@19.2.7_react@19.2.7/node_modules/next/dist/next-devtools/shared/forward-logs-shared.js:27
[ 2607729ms] [ERROR] WebSocket connection to 'ws://localhost:3000/_next/webpack-hmr?id=3Icpop2co4H9l9HDVSLw5' failed: Error in connection establishment: net::ERR_CONNECTION_REFUSED @ webpack-internal:///(app-pages-browser)/../../node_modules/.pnpm/next@16.1.7_@babel+core@7.29.7_@playwright+test@1.60.0_react-dom@19.2.7_react@19.2.7/node_modules/next/dist/client/dev/hot-reloader/app/web-socket.js:59
[ 2608731ms] [ERROR] WebSocket connection to 'ws://localhost:3000/_next/webpack-hmr?id=3Icpop2co4H9l9HDVSLw5' failed: Error in connection establishment: net::ERR_CONNECTION_REFUSED @ webpack-internal:///(app-pages-browser)/../../node_modules/.pnpm/next@16.1.7_@babel+core@7.29.7_@playwright+test@1.60.0_react-dom@19.2.7_react@19.2.7/node_modules/next/dist/client/dev/hot-reloader/app/web-socket.js:59
[ 2609735ms] [ERROR] WebSocket connection to 'ws://localhost:3000/_next/webpack-hmr?id=3Icpop2co4H9l9HDVSLw5' failed: Error in connection establishment: net::ERR_CONNECTION_REFUSED @ webpack-internal:///(app-pages-browser)/../../node_modules/.pnpm/next@16.1.7_@babel+core@7.29.7_@playwright+test@1.60.0_react-dom@19.2.7_react@19.2.7/node_modules/next/dist/client/dev/hot-reloader/app/web-socket.js:59
[ 2610739ms] [ERROR] WebSocket connection to 'ws://localhost:3000/_next/webpack-hmr?id=3Icpop2co4H9l9HDVSLw5' failed: Error in connection establishment: net::ERR_CONNECTION_REFUSED @ webpack-internal:///(app-pages-browser)/../../node_modules/.pnpm/next@16.1.7_@babel+core@7.29.7_@playwright+test@1.60.0_react-dom@19.2.7_react@19.2.7/node_modules/next/dist/client/dev/hot-reloader/app/web-socket.js:59
[ 2611744ms] [ERROR] WebSocket connection to 'ws://localhost:3000/_next/webpack-hmr?id=3Icpop2co4H9l9HDVSLw5' failed: Error in connection establishment: net::ERR_CONNECTION_REFUSED @ webpack-internal:///(app-pages-browser)/../../node_modules/.pnpm/next@16.1.7_@babel+core@7.29.7_@playwright+test@1.60.0_react-dom@19.2.7_react@19.2.7/node_modules/next/dist/client/dev/hot-reloader/app/web-socket.js:59
[ 2618897ms] [LOG] [HMR] connected @ webpack-internal:///(app-pages-browser)/../../node_modules/.pnpm/next@16.1.7_@babel+core@7.29.7_@playwright+test@1.60.0_react-dom@19.2.7_react@19.2.7/node_modules/next/dist/next-devtools/shared/forward-logs-shared.js:27
[ 2641929ms] [VERBOSE] [DOM] Input elements should have autocomplete attributes (suggested: "current-password"): (More info: https://goo.gl/9p2vKq) %o @ http://localhost:3000/en-US/login:0
[ 2644714ms] [INFO] %cDownload the React DevTools for a better development experience: https://react.dev/link/react-devtools font-weight:bold @ webpack-internal:///(app-pages-browser)/../../node_modules/.pnpm/next@16.1.7_@babel+core@7.29.7_@playwright+test@1.60.0_react-dom@19.2.7_react@19.2.7/node_modules/next/dist/next-devtools/shared/forward-logs-shared.js:27
[ 2645660ms] [LOG] [HMR] connected @ webpack-internal:///(app-pages-browser)/../../node_modules/.pnpm/next@16.1.7_@babel+core@7.29.7_@playwright+test@1.60.0_react-dom@19.2.7_react@19.2.7/node_modules/next/dist/next-devtools/shared/forward-logs-shared.js:27
[ 2646274ms] [LOG] [Fast Refresh] rebuilding @ webpack-internal:///(app-pages-browser)/../../node_modules/.pnpm/next@16.1.7_@babel+core@7.29.7_@playwright+test@1.60.0_react-dom@19.2.7_react@19.2.7/node_modules/next/dist/next-devtools/shared/forward-logs-shared.js:27
[ 2648617ms] [LOG] [Fast Refresh] done in 2344ms @ webpack-internal:///(app-pages-browser)/../../node_modules/.pnpm/next@16.1.7_@babel+core@7.29.7_@playwright+test@1.60.0_react-dom@19.2.7_react@19.2.7/node_modules/next/dist/next-devtools/shared/forward-logs-shared.js:27
[ 2648673ms] [LOG] [Fast Refresh] rebuilding @ webpack-internal:///(app-pages-browser)/../../node_modules/.pnpm/next@16.1.7_@babel+core@7.29.7_@playwright+test@1.60.0_react-dom@19.2.7_react@19.2.7/node_modules/next/dist/next-devtools/shared/forward-logs-shared.js:27
[ 2650108ms] [LOG] [Fast Refresh] done in 1436ms @ webpack-internal:///(app-pages-browser)/../../node_modules/.pnpm/next@16.1.7_@babel+core@7.29.7_@playwright+test@1.60.0_react-dom@19.2.7_react@19.2.7/node_modules/next/dist/next-devtools/shared/forward-logs-shared.js:27
[ 2654737ms] [WARNING] The resource http://localhost:3000/_next/static/css/app/layout.css?v=1781583220493 was preloaded using link preload but not used within a few seconds from the window's load event. Please make sure it has an appropriate `as` value and it is preloaded intentionally. @ http://localhost:3000/en-US/login:0
[ 2659538ms] [ERROR] WebSocket connection to 'ws://localhost:3000/_next/webpack-hmr?id=AXgA1zUROxn_CIu0QmaWe' failed: Error in connection establishment: net::ERR_CONNECTION_REFUSED @ webpack-internal:///(app-pages-browser)/../../node_modules/.pnpm/next@16.1.7_@babel+core@7.29.7_@playwright+test@1.60.0_react-dom@19.2.7_react@19.2.7/node_modules/next/dist/client/dev/hot-reloader/app/web-socket.js:59
[ 2660541ms] [ERROR] WebSocket connection to 'ws://localhost:3000/_next/webpack-hmr?id=AXgA1zUROxn_CIu0QmaWe' failed: Error in connection establishment: net::ERR_CONNECTION_REFUSED @ webpack-internal:///(app-pages-browser)/../../node_modules/.pnpm/next@16.1.7_@babel+core@7.29.7_@playwright+test@1.60.0_react-dom@19.2.7_react@19.2.7/node_modules/next/dist/client/dev/hot-reloader/app/web-socket.js:59
[ 2661543ms] [ERROR] WebSocket connection to 'ws://localhost:3000/_next/webpack-hmr?id=AXgA1zUROxn_CIu0QmaWe' failed: Error in connection establishment: net::ERR_CONNECTION_REFUSED @ webpack-internal:///(app-pages-browser)/../../node_modules/.pnpm/next@16.1.7_@babel+core@7.29.7_@playwright+test@1.60.0_react-dom@19.2.7_react@19.2.7/node_modules/next/dist/client/dev/hot-reloader/app/web-socket.js:59
[ 2662545ms] [ERROR] WebSocket connection to 'ws://localhost:3000/_next/webpack-hmr?id=AXgA1zUROxn_CIu0QmaWe' failed: Error in connection establishment: net::ERR_CONNECTION_REFUSED @ webpack-internal:///(app-pages-browser)/../../node_modules/.pnpm/next@16.1.7_@babel+core@7.29.7_@playwright+test@1.60.0_react-dom@19.2.7_react@19.2.7/node_modules/next/dist/client/dev/hot-reloader/app/web-socket.js:59
[ 2663546ms] [ERROR] WebSocket connection to 'ws://localhost:3000/_next/webpack-hmr?id=AXgA1zUROxn_CIu0QmaWe' failed: Error in connection establishment: net::ERR_CONNECTION_REFUSED @ webpack-internal:///(app-pages-browser)/../../node_modules/.pnpm/next@16.1.7_@babel+core@7.29.7_@playwright+test@1.60.0_react-dom@19.2.7_react@19.2.7/node_modules/next/dist/client/dev/hot-reloader/app/web-socket.js:59
[ 2668549ms] [ERROR] WebSocket connection to 'ws://localhost:3000/_next/webpack-hmr?id=AXgA1zUROxn_CIu0QmaWe' failed: Error in connection establishment: net::ERR_CONNECTION_REFUSED @ webpack-internal:///(app-pages-browser)/../../node_modules/.pnpm/next@16.1.7_@babel+core@7.29.7_@playwright+test@1.60.0_react-dom@19.2.7_react@19.2.7/node_modules/next/dist/client/dev/hot-reloader/app/web-socket.js:59
[ 2673553ms] [ERROR] WebSocket connection to 'ws://localhost:3000/_next/webpack-hmr?id=AXgA1zUROxn_CIu0QmaWe' failed: Error in connection establishment: net::ERR_CONNECTION_REFUSED @ webpack-internal:///(app-pages-browser)/../../node_modules/.pnpm/next@16.1.7_@babel+core@7.29.7_@playwright+test@1.60.0_react-dom@19.2.7_react@19.2.7/node_modules/next/dist/client/dev/hot-reloader/app/web-socket.js:59
[ 2678557ms] [ERROR] WebSocket connection to 'ws://localhost:3000/_next/webpack-hmr?id=AXgA1zUROxn_CIu0QmaWe' failed: Error in connection establishment: net::ERR_CONNECTION_REFUSED @ webpack-internal:///(app-pages-browser)/../../node_modules/.pnpm/next@16.1.7_@babel+core@7.29.7_@playwright+test@1.60.0_react-dom@19.2.7_react@19.2.7/node_modules/next/dist/client/dev/hot-reloader/app/web-socket.js:59
[ 2683561ms] [ERROR] WebSocket connection to 'ws://localhost:3000/_next/webpack-hmr?id=AXgA1zUROxn_CIu0QmaWe' failed: Error in connection establishment: net::ERR_CONNECTION_REFUSED @ webpack-internal:///(app-pages-browser)/../../node_modules/.pnpm/next@16.1.7_@babel+core@7.29.7_@playwright+test@1.60.0_react-dom@19.2.7_react@19.2.7/node_modules/next/dist/client/dev/hot-reloader/app/web-socket.js:59
[ 2688563ms] [ERROR] WebSocket connection to 'ws://localhost:3000/_next/webpack-hmr?id=AXgA1zUROxn_CIu0QmaWe' failed: Error in connection establishment: net::ERR_CONNECTION_REFUSED @ webpack-internal:///(app-pages-browser)/../../node_modules/.pnpm/next@16.1.7_@babel+core@7.29.7_@playwright+test@1.60.0_react-dom@19.2.7_react@19.2.7/node_modules/next/dist/client/dev/hot-reloader/app/web-socket.js:59
[ 2693569ms] [ERROR] WebSocket connection to 'ws://localhost:3000/_next/webpack-hmr?id=AXgA1zUROxn_CIu0QmaWe' failed: Error in connection establishment: net::ERR_CONNECTION_REFUSED @ webpack-internal:///(app-pages-browser)/../../node_modules/.pnpm/next@16.1.7_@babel+core@7.29.7_@playwright+test@1.60.0_react-dom@19.2.7_react@19.2.7/node_modules/next/dist/client/dev/hot-reloader/app/web-socket.js:59
[ 2698668ms] [ERROR] WebSocket connection to 'ws://localhost:3000/_next/webpack-hmr?id=AXgA1zUROxn_CIu0QmaWe' failed: Error in connection establishment: net::ERR_CONNECTION_REFUSED @ webpack-internal:///(app-pages-browser)/../../node_modules/.pnpm/next@16.1.7_@babel+core@7.29.7_@playwright+test@1.60.0_react-dom@19.2.7_react@19.2.7/node_modules/next/dist/client/dev/hot-reloader/app/web-socket.js:59
