[     527ms] [WARNING] ../../libs/modules/user/data-access/src/index.ts
export 'ResultInfo' (reexported as 'ResultInfo') was not found in './lib/user.api' (possible exports: deleteUser, getRoleOptions, getTdOptions, getUserDetail, getUserList, resetUserPassword, saveUser, updateUser, updateUserStatus)

Import trace for requested module:
../../libs/modules/user/data-access/src/index.ts
../../libs/modules/user/feature/src/lib/user-list-page.tsx
../../libs/modules/user/feature/src/index.ts
../../libs/shared/util-config/src/lib/module-registry.ts @ webpack-internal:///(app-pages-browser)/../../node_modules/.pnpm/next@16.1.7_@babel+core@7.29.7_@playwright+test@1.60.0_react-dom@19.2.7_react@19.2.7/node_modules/next/dist/next-devtools/shared/forward-logs-shared.js:27
[     583ms] [LOG] [Fast Refresh] done in 2372ms @ webpack-internal:///(app-pages-browser)/../../node_modules/.pnpm/next@16.1.7_@babel+core@7.29.7_@playwright+test@1.60.0_react-dom@19.2.7_react@19.2.7/node_modules/next/dist/next-devtools/shared/forward-logs-shared.js:27
[    3432ms] [LOG] [Fast Refresh] rebuilding @ webpack-internal:///(app-pages-browser)/../../node_modules/.pnpm/next@16.1.7_@babel+core@7.29.7_@playwright+test@1.60.0_react-dom@19.2.7_react@19.2.7/node_modules/next/dist/next-devtools/shared/forward-logs-shared.js:27
[    8382ms] [WARNING] ../../libs/modules/user/data-access/src/index.ts
export 'ResultInfo' (reexported as 'ResultInfo') was not found in './lib/user.api' (possible exports: deleteUser, getRoleOptions, getTdOptions, getUserDetail, getUserList, resetUserPassword, saveUser, updateUser, updateUserStatus)

Import trace for requested module:
../../libs/modules/user/data-access/src/index.ts
../../libs/modules/user/feature/src/lib/user-list-page.tsx
../../libs/modules/user/feature/src/index.ts
../../libs/shared/util-config/src/lib/module-registry.ts @ webpack-internal:///(app-pages-browser)/../../node_modules/.pnpm/next@16.1.7_@babel+core@7.29.7_@playwright+test@1.60.0_react-dom@19.2.7_react@19.2.7/node_modules/next/dist/next-devtools/shared/forward-logs-shared.js:27
[    8575ms] [LOG] [Fast Refresh] done in 5144ms @ webpack-internal:///(app-pages-browser)/../../node_modules/.pnpm/next@16.1.7_@babel+core@7.29.7_@playwright+test@1.60.0_react-dom@19.2.7_react@19.2.7/node_modules/next/dist/next-devtools/shared/forward-logs-shared.js:27
[   12616ms] [INFO] %cDownload the React DevTools for a better development experience: https://react.dev/link/react-devtools font-weight:bold @ webpack-internal:///(app-pages-browser)/../../node_modules/.pnpm/next@16.1.7_@babel+core@7.29.7_@playwright+test@1.60.0_react-dom@19.2.7_react@19.2.7/node_modules/next/dist/next-devtools/shared/forward-logs-shared.js:27
[   12974ms] [LOG] [HMR] connected @ webpack-internal:///(app-pages-browser)/../../node_modules/.pnpm/next@16.1.7_@babel+core@7.29.7_@playwright+test@1.60.0_react-dom@19.2.7_react@19.2.7/node_modules/next/dist/next-devtools/shared/forward-logs-shared.js:27
[   13014ms] [WARNING] ../../libs/modules/user/data-access/src/index.ts
export 'ResultInfo' (reexported as 'ResultInfo') was not found in './lib/user.api' (possible exports: deleteUser, getRoleOptions, getTdOptions, getUserDetail, getUserList, resetUserPassword, saveUser, updateUser, updateUserStatus) @ webpack-internal:///(app-pages-browser)/../../node_modules/.pnpm/next@16.1.7_@babel+core@7.29.7_@playwright+test@1.60.0_react-dom@19.2.7_react@19.2.7/node_modules/next/dist/next-devtools/shared/forward-logs-shared.js:27
