[    2211ms] [INFO] %cDownload the React DevTools for a better development experience: https://react.dev/link/react-devtools font-weight:bold @ webpack-internal:///(app-pages-browser)/../../node_modules/.pnpm/next@16.1.7_@babel+core@7.29.7_@playwright+test@1.60.0_react-dom@19.2.7_react@19.2.7/node_modules/next/dist/next-devtools/shared/forward-logs-shared.js:27
[    2705ms] [LOG] [HMR] connected @ webpack-internal:///(app-pages-browser)/../../node_modules/.pnpm/next@16.1.7_@babel+core@7.29.7_@playwright+test@1.60.0_react-dom@19.2.7_react@19.2.7/node_modules/next/dist/next-devtools/shared/forward-logs-shared.js:27
[    2766ms] [WARNING] ../../libs/modules/user/data-access/src/index.ts
export 'ResultInfo' (reexported as 'ResultInfo') was not found in './lib/user.api' (possible exports: deleteUser, getRoleOptions, getTdOptions, getUserDetail, getUserList, resetUserPassword, saveUser, updateUser, updateUserStatus) @ webpack-internal:///(app-pages-browser)/../../node_modules/.pnpm/next@16.1.7_@babel+core@7.29.7_@playwright+test@1.60.0_react-dom@19.2.7_react@19.2.7/node_modules/next/dist/next-devtools/shared/forward-logs-shared.js:27
[   42779ms] [LOG] [Fast Refresh] rebuilding @ webpack-internal:///(app-pages-browser)/../../node_modules/.pnpm/next@16.1.7_@babel+core@7.29.7_@playwright+test@1.60.0_react-dom@19.2.7_react@19.2.7/node_modules/next/dist/next-devtools/shared/forward-logs-shared.js:27
[   46149ms] [WARNING] ../../libs/modules/user/data-access/src/index.ts
export 'ResultInfo' (reexported as 'ResultInfo') was not found in './lib/user.api' (possible exports: deleteUser, getRoleOptions, getTdOptions, getUserDetail, getUserList, resetUserPassword, saveUser, updateUser, updateUserStatus)

Import trace for requested module:
../../libs/modules/user/data-access/src/index.ts
../../libs/modules/user/feature/src/lib/user-list-page.tsx
../../libs/modules/user/feature/src/index.ts
../../libs/shared/util-config/src/lib/module-registry.ts @ webpack-internal:///(app-pages-browser)/../../node_modules/.pnpm/next@16.1.7_@babel+core@7.29.7_@playwright+test@1.60.0_react-dom@19.2.7_react@19.2.7/node_modules/next/dist/next-devtools/shared/forward-logs-shared.js:27
[   46285ms] [LOG] [Fast Refresh] done in 3505ms @ webpack-internal:///(app-pages-browser)/../../node_modules/.pnpm/next@16.1.7_@babel+core@7.29.7_@playwright+test@1.60.0_react-dom@19.2.7_react@19.2.7/node_modules/next/dist/next-devtools/shared/forward-logs-shared.js:27
[  103312ms] [LOG] [Fast Refresh] rebuilding @ webpack-internal:///(app-pages-browser)/../../node_modules/.pnpm/next@16.1.7_@babel+core@7.29.7_@playwright+test@1.60.0_react-dom@19.2.7_react@19.2.7/node_modules/next/dist/next-devtools/shared/forward-logs-shared.js:27
[  106213ms] [WARNING] ../../libs/modules/user/data-access/src/index.ts
export 'ResultInfo' (reexported as 'ResultInfo') was not found in './lib/user.api' (possible exports: deleteUser, getRoleOptions, getTdOptions, getUserDetail, getUserList, resetUserPassword, saveUser, updateUser, updateUserStatus)

Import trace for requested module:
../../libs/modules/user/data-access/src/index.ts
../../libs/modules/user/feature/src/lib/user-list-page.tsx
../../libs/modules/user/feature/src/index.ts
../../libs/shared/util-config/src/lib/module-registry.ts @ webpack-internal:///(app-pages-browser)/../../node_modules/.pnpm/next@16.1.7_@babel+core@7.29.7_@playwright+test@1.60.0_react-dom@19.2.7_react@19.2.7/node_modules/next/dist/next-devtools/shared/forward-logs-shared.js:27
[  106319ms] [LOG] [Fast Refresh] done in 3007ms @ webpack-internal:///(app-pages-browser)/../../node_modules/.pnpm/next@16.1.7_@babel+core@7.29.7_@playwright+test@1.60.0_react-dom@19.2.7_react@19.2.7/node_modules/next/dist/next-devtools/shared/forward-logs-shared.js:27
[  163832ms] [LOG] [Fast Refresh] rebuilding @ webpack-internal:///(app-pages-browser)/../../node_modules/.pnpm/next@16.1.7_@babel+core@7.29.7_@playwright+test@1.60.0_react-dom@19.2.7_react@19.2.7/node_modules/next/dist/next-devtools/shared/forward-logs-shared.js:27
[  165939ms] [WARNING] ../../libs/modules/user/data-access/src/index.ts
export 'ResultInfo' (reexported as 'ResultInfo') was not found in './lib/user.api' (possible exports: deleteUser, getRoleOptions, getTdOptions, getUserDetail, getUserList, resetUserPassword, saveUser, updateUser, updateUserStatus)

Import trace for requested module:
../../libs/modules/user/data-access/src/index.ts
../../libs/modules/user/feature/src/lib/user-list-page.tsx
../../libs/modules/user/feature/src/index.ts
../../libs/shared/util-config/src/lib/module-registry.ts @ webpack-internal:///(app-pages-browser)/../../node_modules/.pnpm/next@16.1.7_@babel+core@7.29.7_@playwright+test@1.60.0_react-dom@19.2.7_react@19.2.7/node_modules/next/dist/next-devtools/shared/forward-logs-shared.js:27
[  165972ms] [LOG] [Fast Refresh] done in 2140ms @ webpack-internal:///(app-pages-browser)/../../node_modules/.pnpm/next@16.1.7_@babel+core@7.29.7_@playwright+test@1.60.0_react-dom@19.2.7_react@19.2.7/node_modules/next/dist/next-devtools/shared/forward-logs-shared.js:27
[  224192ms] [LOG] [Fast Refresh] rebuilding @ webpack-internal:///(app-pages-browser)/../../node_modules/.pnpm/next@16.1.7_@babel+core@7.29.7_@playwright+test@1.60.0_react-dom@19.2.7_react@19.2.7/node_modules/next/dist/next-devtools/shared/forward-logs-shared.js:27
[  228555ms] [WARNING] ../../libs/modules/user/data-access/src/index.ts
export 'ResultInfo' (reexported as 'ResultInfo') was not found in './lib/user.api' (possible exports: deleteUser, getRoleOptions, getTdOptions, getUserDetail, getUserList, resetUserPassword, saveUser, updateUser, updateUserStatus)

Import trace for requested module:
../../libs/modules/user/data-access/src/index.ts
../../libs/modules/user/feature/src/lib/user-list-page.tsx
../../libs/modules/user/feature/src/index.ts
../../libs/shared/util-config/src/lib/module-registry.ts @ webpack-internal:///(app-pages-browser)/../../node_modules/.pnpm/next@16.1.7_@babel+core@7.29.7_@playwright+test@1.60.0_react-dom@19.2.7_react@19.2.7/node_modules/next/dist/next-devtools/shared/forward-logs-shared.js:27
[  228579ms] [LOG] [Fast Refresh] done in 4387ms @ webpack-internal:///(app-pages-browser)/../../node_modules/.pnpm/next@16.1.7_@babel+core@7.29.7_@playwright+test@1.60.0_react-dom@19.2.7_react@19.2.7/node_modules/next/dist/next-devtools/shared/forward-logs-shared.js:27
[  284620ms] [LOG] [Fast Refresh] rebuilding @ webpack-internal:///(app-pages-browser)/../../node_modules/.pnpm/next@16.1.7_@babel+core@7.29.7_@playwright+test@1.60.0_react-dom@19.2.7_react@19.2.7/node_modules/next/dist/next-devtools/shared/forward-logs-shared.js:27
[  287890ms] [WARNING] ../../libs/modules/user/data-access/src/index.ts
export 'ResultInfo' (reexported as 'ResultInfo') was not found in './lib/user.api' (possible exports: deleteUser, getRoleOptions, getTdOptions, getUserDetail, getUserList, resetUserPassword, saveUser, updateUser, updateUserStatus)

Import trace for requested module:
../../libs/modules/user/data-access/src/index.ts
../../libs/modules/user/feature/src/lib/user-list-page.tsx
../../libs/modules/user/feature/src/index.ts
../../libs/shared/util-config/src/lib/module-registry.ts @ webpack-internal:///(app-pages-browser)/../../node_modules/.pnpm/next@16.1.7_@babel+core@7.29.7_@playwright+test@1.60.0_react-dom@19.2.7_react@19.2.7/node_modules/next/dist/next-devtools/shared/forward-logs-shared.js:27
[  287935ms] [LOG] [Fast Refresh] done in 3315ms @ webpack-internal:///(app-pages-browser)/../../node_modules/.pnpm/next@16.1.7_@babel+core@7.29.7_@playwright+test@1.60.0_react-dom@19.2.7_react@19.2.7/node_modules/next/dist/next-devtools/shared/forward-logs-shared.js:27
[  345026ms] [LOG] [Fast Refresh] rebuilding @ webpack-internal:///(app-pages-browser)/../../node_modules/.pnpm/next@16.1.7_@babel+core@7.29.7_@playwright+test@1.60.0_react-dom@19.2.7_react@19.2.7/node_modules/next/dist/next-devtools/shared/forward-logs-shared.js:27
[  347729ms] [WARNING] ../../libs/modules/user/data-access/src/index.ts
export 'ResultInfo' (reexported as 'ResultInfo') was not found in './lib/user.api' (possible exports: deleteUser, getRoleOptions, getTdOptions, getUserDetail, getUserList, resetUserPassword, saveUser, updateUser, updateUserStatus)

Import trace for requested module:
../../libs/modules/user/data-access/src/index.ts
../../libs/modules/user/feature/src/lib/user-list-page.tsx
../../libs/modules/user/feature/src/index.ts
../../libs/shared/util-config/src/lib/module-registry.ts @ webpack-internal:///(app-pages-browser)/../../node_modules/.pnpm/next@16.1.7_@babel+core@7.29.7_@playwright+test@1.60.0_react-dom@19.2.7_react@19.2.7/node_modules/next/dist/next-devtools/shared/forward-logs-shared.js:27
[  347800ms] [LOG] [Fast Refresh] done in 2773ms @ webpack-internal:///(app-pages-browser)/../../node_modules/.pnpm/next@16.1.7_@babel+core@7.29.7_@playwright+test@1.60.0_react-dom@19.2.7_react@19.2.7/node_modules/next/dist/next-devtools/shared/forward-logs-shared.js:27
[  405182ms] [LOG] [Fast Refresh] rebuilding @ webpack-internal:///(app-pages-browser)/../../node_modules/.pnpm/next@16.1.7_@babel+core@7.29.7_@playwright+test@1.60.0_react-dom@19.2.7_react@19.2.7/node_modules/next/dist/next-devtools/shared/forward-logs-shared.js:27
[  407562ms] [WARNING] ../../libs/modules/user/data-access/src/index.ts
export 'ResultInfo' (reexported as 'ResultInfo') was not found in './lib/user.api' (possible exports: deleteUser, getRoleOptions, getTdOptions, getUserDetail, getUserList, resetUserPassword, saveUser, updateUser, updateUserStatus)

Import trace for requested module:
../../libs/modules/user/data-access/src/index.ts
../../libs/modules/user/feature/src/lib/user-list-page.tsx
../../libs/modules/user/feature/src/index.ts
../../libs/shared/util-config/src/lib/module-registry.ts @ webpack-internal:///(app-pages-browser)/../../node_modules/.pnpm/next@16.1.7_@babel+core@7.29.7_@playwright+test@1.60.0_react-dom@19.2.7_react@19.2.7/node_modules/next/dist/next-devtools/shared/forward-logs-shared.js:27
[  408138ms] [LOG] [Fast Refresh] done in 2956ms @ webpack-internal:///(app-pages-browser)/../../node_modules/.pnpm/next@16.1.7_@babel+core@7.29.7_@playwright+test@1.60.0_react-dom@19.2.7_react@19.2.7/node_modules/next/dist/next-devtools/shared/forward-logs-shared.js:27
[  465678ms] [LOG] [Fast Refresh] rebuilding @ webpack-internal:///(app-pages-browser)/../../node_modules/.pnpm/next@16.1.7_@babel+core@7.29.7_@playwright+test@1.60.0_react-dom@19.2.7_react@19.2.7/node_modules/next/dist/next-devtools/shared/forward-logs-shared.js:27
[  467722ms] [WARNING] ../../libs/modules/user/data-access/src/index.ts
export 'ResultInfo' (reexported as 'ResultInfo') was not found in './lib/user.api' (possible exports: deleteUser, getRoleOptions, getTdOptions, getUserDetail, getUserList, resetUserPassword, saveUser, updateUser, updateUserStatus)

Import trace for requested module:
../../libs/modules/user/data-access/src/index.ts
../../libs/modules/user/feature/src/lib/user-list-page.tsx
../../libs/modules/user/feature/src/index.ts
../../libs/shared/util-config/src/lib/module-registry.ts @ webpack-internal:///(app-pages-browser)/../../node_modules/.pnpm/next@16.1.7_@babel+core@7.29.7_@playwright+test@1.60.0_react-dom@19.2.7_react@19.2.7/node_modules/next/dist/next-devtools/shared/forward-logs-shared.js:27
[  467885ms] [LOG] [Fast Refresh] done in 2206ms @ webpack-internal:///(app-pages-browser)/../../node_modules/.pnpm/next@16.1.7_@babel+core@7.29.7_@playwright+test@1.60.0_react-dom@19.2.7_react@19.2.7/node_modules/next/dist/next-devtools/shared/forward-logs-shared.js:27
[  480182ms] [LOG] [Fast Refresh] rebuilding @ webpack-internal:///(app-pages-browser)/../../node_modules/.pnpm/next@16.1.7_@babel+core@7.29.7_@playwright+test@1.60.0_react-dom@19.2.7_react@19.2.7/node_modules/next/dist/next-devtools/shared/forward-logs-shared.js:27
[  494017ms] [WARNING] ../../libs/modules/user/data-access/src/index.ts
export 'ResultInfo' (reexported as 'ResultInfo') was not found in './lib/user.api' (possible exports: deleteUser, getRoleOptions, getTdOptions, getUserDetail, getUserList, resetUserPassword, saveUser, updateUser, updateUserStatus)

Import trace for requested module:
../../libs/modules/user/data-access/src/index.ts
../../libs/modules/user/feature/src/lib/user-list-page.tsx
../../libs/modules/user/feature/src/index.ts
../../libs/shared/util-config/src/lib/module-registry.ts @ webpack-internal:///(app-pages-browser)/../../node_modules/.pnpm/next@16.1.7_@babel+core@7.29.7_@playwright+test@1.60.0_react-dom@19.2.7_react@19.2.7/node_modules/next/dist/next-devtools/shared/forward-logs-shared.js:27
[  494047ms] [LOG] [Fast Refresh] rebuilding @ webpack-internal:///(app-pages-browser)/../../node_modules/.pnpm/next@16.1.7_@babel+core@7.29.7_@playwright+test@1.60.0_react-dom@19.2.7_react@19.2.7/node_modules/next/dist/next-devtools/shared/forward-logs-shared.js:27
[  495400ms] [LOG] [Fast Refresh] done in 1353ms @ webpack-internal:///(app-pages-browser)/../../node_modules/.pnpm/next@16.1.7_@babel+core@7.29.7_@playwright+test@1.60.0_react-dom@19.2.7_react@19.2.7/node_modules/next/dist/next-devtools/shared/forward-logs-shared.js:27
[  509129ms] [WARNING] ../../libs/modules/user/data-access/src/index.ts
export 'ResultInfo' (reexported as 'ResultInfo') was not found in './lib/user.api' (possible exports: deleteUser, getRoleOptions, getTdOptions, getUserDetail, getUserList, resetUserPassword, saveUser, updateUser, updateUserStatus)

Import trace for requested module:
../../libs/modules/user/data-access/src/index.ts
../../libs/modules/user/feature/src/lib/user-list-page.tsx
../../libs/modules/user/feature/src/index.ts
../../libs/shared/util-config/src/lib/module-registry.ts @ webpack-internal:///(app-pages-browser)/../../node_modules/.pnpm/next@16.1.7_@babel+core@7.29.7_@playwright+test@1.60.0_react-dom@19.2.7_react@19.2.7/node_modules/next/dist/next-devtools/shared/forward-logs-shared.js:27
[  511363ms] [LOG] [Fast Refresh] done in 17317ms @ webpack-internal:///(app-pages-browser)/../../node_modules/.pnpm/next@16.1.7_@babel+core@7.29.7_@playwright+test@1.60.0_react-dom@19.2.7_react@19.2.7/node_modules/next/dist/next-devtools/shared/forward-logs-shared.js:27
[  526098ms] [LOG] [Fast Refresh] rebuilding @ webpack-internal:///(app-pages-browser)/../../node_modules/.pnpm/next@16.1.7_@babel+core@7.29.7_@playwright+test@1.60.0_react-dom@19.2.7_react@19.2.7/node_modules/next/dist/next-devtools/shared/forward-logs-shared.js:27
[  530249ms] [WARNING] ../../libs/modules/user/data-access/src/index.ts
export 'ResultInfo' (reexported as 'ResultInfo') was not found in './lib/user.api' (possible exports: deleteUser, getRoleOptions, getTdOptions, getUserDetail, getUserList, resetUserPassword, saveUser, updateUser, updateUserStatus)

Import trace for requested module:
../../libs/modules/user/data-access/src/index.ts
../../libs/modules/user/feature/src/lib/user-list-page.tsx
../../libs/modules/user/feature/src/index.ts
../../libs/shared/util-config/src/lib/module-registry.ts @ webpack-internal:///(app-pages-browser)/../../node_modules/.pnpm/next@16.1.7_@babel+core@7.29.7_@playwright+test@1.60.0_react-dom@19.2.7_react@19.2.7/node_modules/next/dist/next-devtools/shared/forward-logs-shared.js:27
[  530276ms] [LOG] [Fast Refresh] rebuilding @ webpack-internal:///(app-pages-browser)/../../node_modules/.pnpm/next@16.1.7_@babel+core@7.29.7_@playwright+test@1.60.0_react-dom@19.2.7_react@19.2.7/node_modules/next/dist/next-devtools/shared/forward-logs-shared.js:27
[  530306ms] [LOG] [Fast Refresh] done in 31ms @ webpack-internal:///(app-pages-browser)/../../node_modules/.pnpm/next@16.1.7_@babel+core@7.29.7_@playwright+test@1.60.0_react-dom@19.2.7_react@19.2.7/node_modules/next/dist/next-devtools/shared/forward-logs-shared.js:27
[  538743ms] [WARNING] ../../libs/modules/user/data-access/src/index.ts
export 'ResultInfo' (reexported as 'ResultInfo') was not found in './lib/user.api' (possible exports: deleteUser, getRoleOptions, getTdOptions, getUserDetail, getUserList, resetUserPassword, saveUser, updateUser, updateUserStatus)

Import trace for requested module:
../../libs/modules/user/data-access/src/index.ts
../../libs/modules/user/feature/src/lib/user-list-page.tsx
../../libs/modules/user/feature/src/index.ts
../../libs/shared/util-config/src/lib/module-registry.ts @ webpack-internal:///(app-pages-browser)/../../node_modules/.pnpm/next@16.1.7_@babel+core@7.29.7_@playwright+test@1.60.0_react-dom@19.2.7_react@19.2.7/node_modules/next/dist/next-devtools/shared/forward-logs-shared.js:27
[  539206ms] [LOG] [Fast Refresh] done in 8930ms @ webpack-internal:///(app-pages-browser)/../../node_modules/.pnpm/next@16.1.7_@babel+core@7.29.7_@playwright+test@1.60.0_react-dom@19.2.7_react@19.2.7/node_modules/next/dist/next-devtools/shared/forward-logs-shared.js:27
[  539434ms] [LOG] [Fast Refresh] rebuilding @ webpack-internal:///(app-pages-browser)/../../node_modules/.pnpm/next@16.1.7_@babel+core@7.29.7_@playwright+test@1.60.0_react-dom@19.2.7_react@19.2.7/node_modules/next/dist/next-devtools/shared/forward-logs-shared.js:27
[  542321ms] [WARNING] ../../libs/modules/user/data-access/src/index.ts
export 'ResultInfo' (reexported as 'ResultInfo') was not found in './lib/user.api' (possible exports: deleteUser, getRoleOptions, getTdOptions, getUserDetail, getUserList, resetUserPassword, saveUser, updateUser, updateUserStatus)

Import trace for requested module:
../../libs/modules/user/data-access/src/index.ts
../../libs/modules/user/feature/src/lib/user-list-page.tsx
../../libs/modules/user/feature/src/index.ts
../../libs/shared/util-config/src/lib/module-registry.ts @ webpack-internal:///(app-pages-browser)/../../node_modules/.pnpm/next@16.1.7_@babel+core@7.29.7_@playwright+test@1.60.0_react-dom@19.2.7_react@19.2.7/node_modules/next/dist/next-devtools/shared/forward-logs-shared.js:27
[  542341ms] [LOG] [Fast Refresh] rebuilding @ webpack-internal:///(app-pages-browser)/../../node_modules/.pnpm/next@16.1.7_@babel+core@7.29.7_@playwright+test@1.60.0_react-dom@19.2.7_react@19.2.7/node_modules/next/dist/next-devtools/shared/forward-logs-shared.js:27
[  542505ms] [LOG] [Fast Refresh] done in 163ms @ webpack-internal:///(app-pages-browser)/../../node_modules/.pnpm/next@16.1.7_@babel+core@7.29.7_@playwright+test@1.60.0_react-dom@19.2.7_react@19.2.7/node_modules/next/dist/next-devtools/shared/forward-logs-shared.js:27
[  547583ms] [WARNING] ../../libs/modules/user/data-access/src/index.ts
export 'ResultInfo' (reexported as 'ResultInfo') was not found in './lib/user.api' (possible exports: deleteUser, getRoleOptions, getTdOptions, getUserDetail, getUserList, resetUserPassword, saveUser, updateUser, updateUserStatus)

Import trace for requested module:
../../libs/modules/user/data-access/src/index.ts
../../libs/modules/user/feature/src/lib/user-list-page.tsx
../../libs/modules/user/feature/src/index.ts
../../libs/shared/util-config/src/lib/module-registry.ts @ webpack-internal:///(app-pages-browser)/../../node_modules/.pnpm/next@16.1.7_@babel+core@7.29.7_@playwright+test@1.60.0_react-dom@19.2.7_react@19.2.7/node_modules/next/dist/next-devtools/shared/forward-logs-shared.js:27
[  547617ms] [LOG] [Fast Refresh] rebuilding @ webpack-internal:///(app-pages-browser)/../../node_modules/.pnpm/next@16.1.7_@babel+core@7.29.7_@playwright+test@1.60.0_react-dom@19.2.7_react@19.2.7/node_modules/next/dist/next-devtools/shared/forward-logs-shared.js:27
[  547939ms] [LOG] [Fast Refresh] done in 322ms @ webpack-internal:///(app-pages-browser)/../../node_modules/.pnpm/next@16.1.7_@babel+core@7.29.7_@playwright+test@1.60.0_react-dom@19.2.7_react@19.2.7/node_modules/next/dist/next-devtools/shared/forward-logs-shared.js:27
[  552166ms] [WARNING] ../../libs/modules/user/data-access/src/index.ts
export 'ResultInfo' (reexported as 'ResultInfo') was not found in './lib/user.api' (possible exports: deleteUser, getRoleOptions, getTdOptions, getUserDetail, getUserList, resetUserPassword, saveUser, updateUser, updateUserStatus)

Import trace for requested module:
../../libs/modules/user/data-access/src/index.ts
../../libs/modules/user/feature/src/lib/user-list-page.tsx
../../libs/modules/user/feature/src/index.ts
../../libs/shared/util-config/src/lib/module-registry.ts @ webpack-internal:///(app-pages-browser)/../../node_modules/.pnpm/next@16.1.7_@babel+core@7.29.7_@playwright+test@1.60.0_react-dom@19.2.7_react@19.2.7/node_modules/next/dist/next-devtools/shared/forward-logs-shared.js:27
[  552874ms] [LOG] [Fast Refresh] done in 5257ms @ webpack-internal:///(app-pages-browser)/../../node_modules/.pnpm/next@16.1.7_@babel+core@7.29.7_@playwright+test@1.60.0_react-dom@19.2.7_react@19.2.7/node_modules/next/dist/next-devtools/shared/forward-logs-shared.js:27
[  561745ms] [LOG] [Fast Refresh] rebuilding @ webpack-internal:///(app-pages-browser)/../../node_modules/.pnpm/next@16.1.7_@babel+core@7.29.7_@playwright+test@1.60.0_react-dom@19.2.7_react@19.2.7/node_modules/next/dist/next-devtools/shared/forward-logs-shared.js:27
[  566891ms] [WARNING] ../../libs/modules/user/data-access/src/index.ts
export 'ResultInfo' (reexported as 'ResultInfo') was not found in './lib/user.api' (possible exports: deleteUser, getRoleOptions, getTdOptions, getUserDetail, getUserList, resetUserPassword, saveUser, updateUser, updateUserStatus)

Import trace for requested module:
../../libs/modules/user/data-access/src/index.ts
../../libs/modules/user/feature/src/lib/user-list-page.tsx
../../libs/modules/user/feature/src/index.ts
../../libs/shared/util-config/src/lib/module-registry.ts @ webpack-internal:///(app-pages-browser)/../../node_modules/.pnpm/next@16.1.7_@babel+core@7.29.7_@playwright+test@1.60.0_react-dom@19.2.7_react@19.2.7/node_modules/next/dist/next-devtools/shared/forward-logs-shared.js:27
[  567726ms] [LOG] [Fast Refresh] done in 5980ms @ webpack-internal:///(app-pages-browser)/../../node_modules/.pnpm/next@16.1.7_@babel+core@7.29.7_@playwright+test@1.60.0_react-dom@19.2.7_react@19.2.7/node_modules/next/dist/next-devtools/shared/forward-logs-shared.js:27
[  587041ms] [LOG] [Fast Refresh] rebuilding @ webpack-internal:///(app-pages-browser)/../../node_modules/.pnpm/next@16.1.7_@babel+core@7.29.7_@playwright+test@1.60.0_react-dom@19.2.7_react@19.2.7/node_modules/next/dist/next-devtools/shared/forward-logs-shared.js:27
[  590165ms] [WARNING] ../../libs/modules/user/data-access/src/index.ts
export 'ResultInfo' (reexported as 'ResultInfo') was not found in './lib/user.api' (possible exports: deleteUser, getRoleOptions, getTdOptions, getUserDetail, getUserList, resetUserPassword, saveUser, updateUser, updateUserStatus)

Import trace for requested module:
../../libs/modules/user/data-access/src/index.ts
../../libs/modules/user/feature/src/lib/user-list-page.tsx
../../libs/modules/user/feature/src/index.ts
../../libs/shared/util-config/src/lib/module-registry.ts @ webpack-internal:///(app-pages-browser)/../../node_modules/.pnpm/next@16.1.7_@babel+core@7.29.7_@playwright+test@1.60.0_react-dom@19.2.7_react@19.2.7/node_modules/next/dist/next-devtools/shared/forward-logs-shared.js:27
[  590227ms] [LOG] [Fast Refresh] done in 3186ms @ webpack-internal:///(app-pages-browser)/../../node_modules/.pnpm/next@16.1.7_@babel+core@7.29.7_@playwright+test@1.60.0_react-dom@19.2.7_react@19.2.7/node_modules/next/dist/next-devtools/shared/forward-logs-shared.js:27
[  647465ms] [LOG] [Fast Refresh] rebuilding @ webpack-internal:///(app-pages-browser)/../../node_modules/.pnpm/next@16.1.7_@babel+core@7.29.7_@playwright+test@1.60.0_react-dom@19.2.7_react@19.2.7/node_modules/next/dist/next-devtools/shared/forward-logs-shared.js:27
[  650706ms] [WARNING] ../../libs/modules/user/data-access/src/index.ts
export 'ResultInfo' (reexported as 'ResultInfo') was not found in './lib/user.api' (possible exports: deleteUser, getRoleOptions, getTdOptions, getUserDetail, getUserList, resetUserPassword, saveUser, updateUser, updateUserStatus)

Import trace for requested module:
../../libs/modules/user/data-access/src/index.ts
../../libs/modules/user/feature/src/lib/user-list-page.tsx
../../libs/modules/user/feature/src/index.ts
../../libs/shared/util-config/src/lib/module-registry.ts @ webpack-internal:///(app-pages-browser)/../../node_modules/.pnpm/next@16.1.7_@babel+core@7.29.7_@playwright+test@1.60.0_react-dom@19.2.7_react@19.2.7/node_modules/next/dist/next-devtools/shared/forward-logs-shared.js:27
[  650741ms] [LOG] [Fast Refresh] done in 3277ms @ webpack-internal:///(app-pages-browser)/../../node_modules/.pnpm/next@16.1.7_@babel+core@7.29.7_@playwright+test@1.60.0_react-dom@19.2.7_react@19.2.7/node_modules/next/dist/next-devtools/shared/forward-logs-shared.js:27
[  707471ms] [LOG] [Fast Refresh] rebuilding @ webpack-internal:///(app-pages-browser)/../../node_modules/.pnpm/next@16.1.7_@babel+core@7.29.7_@playwright+test@1.60.0_react-dom@19.2.7_react@19.2.7/node_modules/next/dist/next-devtools/shared/forward-logs-shared.js:27
[  709483ms] [WARNING] ../../libs/modules/user/data-access/src/index.ts
export 'ResultInfo' (reexported as 'ResultInfo') was not found in './lib/user.api' (possible exports: deleteUser, getRoleOptions, getTdOptions, getUserDetail, getUserList, resetUserPassword, saveUser, updateUser, updateUserStatus)

Import trace for requested module:
../../libs/modules/user/data-access/src/index.ts
../../libs/modules/user/feature/src/lib/user-list-page.tsx
../../libs/modules/user/feature/src/index.ts
../../libs/shared/util-config/src/lib/module-registry.ts @ webpack-internal:///(app-pages-browser)/../../node_modules/.pnpm/next@16.1.7_@babel+core@7.29.7_@playwright+test@1.60.0_react-dom@19.2.7_react@19.2.7/node_modules/next/dist/next-devtools/shared/forward-logs-shared.js:27
[  709520ms] [LOG] [Fast Refresh] done in 2049ms @ webpack-internal:///(app-pages-browser)/../../node_modules/.pnpm/next@16.1.7_@babel+core@7.29.7_@playwright+test@1.60.0_react-dom@19.2.7_react@19.2.7/node_modules/next/dist/next-devtools/shared/forward-logs-shared.js:27
[  723774ms] [LOG] [Fast Refresh] rebuilding @ webpack-internal:///(app-pages-browser)/../../node_modules/.pnpm/next@16.1.7_@babel+core@7.29.7_@playwright+test@1.60.0_react-dom@19.2.7_react@19.2.7/node_modules/next/dist/next-devtools/shared/forward-logs-shared.js:27
[  726025ms] [WARNING] ../../libs/modules/user/data-access/src/index.ts
export 'ResultInfo' (reexported as 'ResultInfo') was not found in './lib/user.api' (possible exports: deleteUser, getRoleOptions, getTdOptions, getUserDetail, getUserList, resetUserPassword, saveUser, updateUser, updateUserStatus)

Import trace for requested module:
../../libs/modules/user/data-access/src/index.ts
../../libs/modules/user/feature/src/lib/user-list-page.tsx
../../libs/modules/user/feature/src/index.ts
../../libs/shared/util-config/src/lib/module-registry.ts @ webpack-internal:///(app-pages-browser)/../../node_modules/.pnpm/next@16.1.7_@babel+core@7.29.7_@playwright+test@1.60.0_react-dom@19.2.7_react@19.2.7/node_modules/next/dist/next-devtools/shared/forward-logs-shared.js:27
[  726066ms] [LOG] [Fast Refresh] done in 2292ms @ webpack-internal:///(app-pages-browser)/../../node_modules/.pnpm/next@16.1.7_@babel+core@7.29.7_@playwright+test@1.60.0_react-dom@19.2.7_react@19.2.7/node_modules/next/dist/next-devtools/shared/forward-logs-shared.js:27
[  768300ms] [LOG] [Fast Refresh] rebuilding @ webpack-internal:///(app-pages-browser)/../../node_modules/.pnpm/next@16.1.7_@babel+core@7.29.7_@playwright+test@1.60.0_react-dom@19.2.7_react@19.2.7/node_modules/next/dist/next-devtools/shared/forward-logs-shared.js:27
[  772011ms] [WARNING] ../../libs/modules/user/data-access/src/index.ts
export 'ResultInfo' (reexported as 'ResultInfo') was not found in './lib/user.api' (possible exports: deleteUser, getRoleOptions, getTdOptions, getUserDetail, getUserList, resetUserPassword, saveUser, updateUser, updateUserStatus)

Import trace for requested module:
../../libs/modules/user/data-access/src/index.ts
../../libs/modules/user/feature/src/lib/user-list-page.tsx
../../libs/modules/user/feature/src/index.ts
../../libs/shared/util-config/src/lib/module-registry.ts @ webpack-internal:///(app-pages-browser)/../../node_modules/.pnpm/next@16.1.7_@babel+core@7.29.7_@playwright+test@1.60.0_react-dom@19.2.7_react@19.2.7/node_modules/next/dist/next-devtools/shared/forward-logs-shared.js:27
[  772038ms] [LOG] [Fast Refresh] done in 3738ms @ webpack-internal:///(app-pages-browser)/../../node_modules/.pnpm/next@16.1.7_@babel+core@7.29.7_@playwright+test@1.60.0_react-dom@19.2.7_react@19.2.7/node_modules/next/dist/next-devtools/shared/forward-logs-shared.js:27
[  797451ms] [LOG] [Fast Refresh] rebuilding @ webpack-internal:///(app-pages-browser)/../../node_modules/.pnpm/next@16.1.7_@babel+core@7.29.7_@playwright+test@1.60.0_react-dom@19.2.7_react@19.2.7/node_modules/next/dist/next-devtools/shared/forward-logs-shared.js:27
[  799312ms] [WARNING] ../../libs/modules/user/data-access/src/index.ts
export 'ResultInfo' (reexported as 'ResultInfo') was not found in './lib/user.api' (possible exports: deleteUser, getRoleOptions, getTdOptions, getUserDetail, getUserList, resetUserPassword, saveUser, updateUser, updateUserStatus)

Import trace for requested module:
../../libs/modules/user/data-access/src/index.ts
../../libs/modules/user/feature/src/lib/user-list-page.tsx
../../libs/modules/user/feature/src/index.ts
../../libs/shared/util-config/src/lib/module-registry.ts @ webpack-internal:///(app-pages-browser)/../../node_modules/.pnpm/next@16.1.7_@babel+core@7.29.7_@playwright+test@1.60.0_react-dom@19.2.7_react@19.2.7/node_modules/next/dist/next-devtools/shared/forward-logs-shared.js:27
[  799338ms] [LOG] [Fast Refresh] done in 1887ms @ webpack-internal:///(app-pages-browser)/../../node_modules/.pnpm/next@16.1.7_@babel+core@7.29.7_@playwright+test@1.60.0_react-dom@19.2.7_react@19.2.7/node_modules/next/dist/next-devtools/shared/forward-logs-shared.js:27
[  816769ms] [LOG] [Fast Refresh] rebuilding @ webpack-internal:///(app-pages-browser)/../../node_modules/.pnpm/next@16.1.7_@babel+core@7.29.7_@playwright+test@1.60.0_react-dom@19.2.7_react@19.2.7/node_modules/next/dist/next-devtools/shared/forward-logs-shared.js:27
[  818715ms] [WARNING] ../../libs/modules/user/data-access/src/index.ts
export 'ResultInfo' (reexported as 'ResultInfo') was not found in './lib/user.api' (possible exports: deleteUser, getRoleOptions, getTdOptions, getUserDetail, getUserList, resetUserPassword, saveUser, updateUser, updateUserStatus)

Import trace for requested module:
../../libs/modules/user/data-access/src/index.ts
../../libs/modules/user/feature/src/lib/user-list-page.tsx
../../libs/modules/user/feature/src/index.ts
../../libs/shared/util-config/src/lib/module-registry.ts @ webpack-internal:///(app-pages-browser)/../../node_modules/.pnpm/next@16.1.7_@babel+core@7.29.7_@playwright+test@1.60.0_react-dom@19.2.7_react@19.2.7/node_modules/next/dist/next-devtools/shared/forward-logs-shared.js:27
[  818753ms] [LOG] [Fast Refresh] done in 1985ms @ webpack-internal:///(app-pages-browser)/../../node_modules/.pnpm/next@16.1.7_@babel+core@7.29.7_@playwright+test@1.60.0_react-dom@19.2.7_react@19.2.7/node_modules/next/dist/next-devtools/shared/forward-logs-shared.js:27
[  828703ms] [LOG] [Fast Refresh] rebuilding @ webpack-internal:///(app-pages-browser)/../../node_modules/.pnpm/next@16.1.7_@babel+core@7.29.7_@playwright+test@1.60.0_react-dom@19.2.7_react@19.2.7/node_modules/next/dist/next-devtools/shared/forward-logs-shared.js:27
[  830659ms] [WARNING] ../../libs/modules/user/data-access/src/index.ts
export 'ResultInfo' (reexported as 'ResultInfo') was not found in './lib/user.api' (possible exports: deleteUser, getRoleOptions, getTdOptions, getUserDetail, getUserList, resetUserPassword, saveUser, updateUser, updateUserStatus)

Import trace for requested module:
../../libs/modules/user/data-access/src/index.ts
../../libs/modules/user/feature/src/lib/user-list-page.tsx
../../libs/modules/user/feature/src/index.ts
../../libs/shared/util-config/src/lib/module-registry.ts @ webpack-internal:///(app-pages-browser)/../../node_modules/.pnpm/next@16.1.7_@babel+core@7.29.7_@playwright+test@1.60.0_react-dom@19.2.7_react@19.2.7/node_modules/next/dist/next-devtools/shared/forward-logs-shared.js:27
[  830704ms] [LOG] [Fast Refresh] done in 2000ms @ webpack-internal:///(app-pages-browser)/../../node_modules/.pnpm/next@16.1.7_@babel+core@7.29.7_@playwright+test@1.60.0_react-dom@19.2.7_react@19.2.7/node_modules/next/dist/next-devtools/shared/forward-logs-shared.js:27
[  846107ms] [LOG] [Fast Refresh] rebuilding @ webpack-internal:///(app-pages-browser)/../../node_modules/.pnpm/next@16.1.7_@babel+core@7.29.7_@playwright+test@1.60.0_react-dom@19.2.7_react@19.2.7/node_modules/next/dist/next-devtools/shared/forward-logs-shared.js:27
[  850200ms] [WARNING] ../../libs/modules/user/data-access/src/index.ts
export 'ResultInfo' (reexported as 'ResultInfo') was not found in './lib/user.api' (possible exports: deleteUser, getRoleOptions, getTdOptions, getUserDetail, getUserList, resetUserPassword, saveUser, updateUser, updateUserStatus)

Import trace for requested module:
../../libs/modules/user/data-access/src/index.ts
../../libs/modules/user/feature/src/lib/user-list-page.tsx
../../libs/modules/user/feature/src/index.ts
../../libs/shared/util-config/src/lib/module-registry.ts @ webpack-internal:///(app-pages-browser)/../../node_modules/.pnpm/next@16.1.7_@babel+core@7.29.7_@playwright+test@1.60.0_react-dom@19.2.7_react@19.2.7/node_modules/next/dist/next-devtools/shared/forward-logs-shared.js:27
[  850229ms] [LOG] [Fast Refresh] done in 4122ms @ webpack-internal:///(app-pages-browser)/../../node_modules/.pnpm/next@16.1.7_@babel+core@7.29.7_@playwright+test@1.60.0_react-dom@19.2.7_react@19.2.7/node_modules/next/dist/next-devtools/shared/forward-logs-shared.js:27
[  889076ms] [LOG] [Fast Refresh] rebuilding @ webpack-internal:///(app-pages-browser)/../../node_modules/.pnpm/next@16.1.7_@babel+core@7.29.7_@playwright+test@1.60.0_react-dom@19.2.7_react@19.2.7/node_modules/next/dist/next-devtools/shared/forward-logs-shared.js:27
[  891407ms] [WARNING] ../../libs/modules/user/data-access/src/index.ts
export 'ResultInfo' (reexported as 'ResultInfo') was not found in './lib/user.api' (possible exports: deleteUser, getRoleOptions, getTdOptions, getUserDetail, getUserList, resetUserPassword, saveUser, updateUser, updateUserStatus)

Import trace for requested module:
../../libs/modules/user/data-access/src/index.ts
../../libs/modules/user/feature/src/lib/user-list-page.tsx
../../libs/modules/user/feature/src/index.ts
../../libs/shared/util-config/src/lib/module-registry.ts @ webpack-internal:///(app-pages-browser)/../../node_modules/.pnpm/next@16.1.7_@babel+core@7.29.7_@playwright+test@1.60.0_react-dom@19.2.7_react@19.2.7/node_modules/next/dist/next-devtools/shared/forward-logs-shared.js:27
[  891455ms] [LOG] [Fast Refresh] done in 2379ms @ webpack-internal:///(app-pages-browser)/../../node_modules/.pnpm/next@16.1.7_@babel+core@7.29.7_@playwright+test@1.60.0_react-dom@19.2.7_react@19.2.7/node_modules/next/dist/next-devtools/shared/forward-logs-shared.js:27
